Archive member included to satisfy reference by file (symbol)

.\CortexM3\ARM_GCC_541\Debug\D5-RADAR_Detection.a(WaveDAC8.o)
                              .\CortexM3\ARM_GCC_541\Debug\hardware_init.o (WaveDAC8_Start)
.\CortexM3\ARM_GCC_541\Debug\D5-RADAR_Detection.a(ADC.o)
                              .\CortexM3\ARM_GCC_541\Debug\hardware_init.o (ADC_Start)
.\CortexM3\ARM_GCC_541\Debug\D5-RADAR_Detection.a(ADC_INT.o)
                              .\CortexM3\ARM_GCC_541\Debug\D5-RADAR_Detection.a(ADC.o) (ADC_ISR1)
.\CortexM3\ARM_GCC_541\Debug\D5-RADAR_Detection.a(UART_LOG.o)
                              .\CortexM3\ARM_GCC_541\Debug\hardware_init.o (UART_LOG_Start)
.\CortexM3\ARM_GCC_541\Debug\D5-RADAR_Detection.a(UART_LOG_INT.o)
                              .\CortexM3\ARM_GCC_541\Debug\D5-RADAR_Detection.a(UART_LOG.o) (UART_LOG_TXISR)
.\CortexM3\ARM_GCC_541\Debug\D5-RADAR_Detection.a(ISR_UART.o)
                              .\CortexM3\ARM_GCC_541\Debug\main.o (ISR_UART_StartEx)
.\CortexM3\ARM_GCC_541\Debug\D5-RADAR_Detection.a(Green_LED.o)
                              .\CortexM3\ARM_GCC_541\Debug\state_machine.o (Green_LED_Write)
.\CortexM3\ARM_GCC_541\Debug\D5-RADAR_Detection.a(Yellow_LED.o)
                              .\CortexM3\ARM_GCC_541\Debug\state_machine.o (Yellow_LED_Write)
.\CortexM3\ARM_GCC_541\Debug\D5-RADAR_Detection.a(Red_LED.o)
                              .\CortexM3\ARM_GCC_541\Debug\state_machine.o (Red_LED_Write)
.\CortexM3\ARM_GCC_541\Debug\D5-RADAR_Detection.a(Push_button.o)
                              .\CortexM3\ARM_GCC_541\Debug\state_machine.o (Push_button_Read)
.\CortexM3\ARM_GCC_541\Debug\D5-RADAR_Detection.a(WaveDAC8_DacClk.o)
                              .\CortexM3\ARM_GCC_541\Debug\D5-RADAR_Detection.a(WaveDAC8.o) (WaveDAC8_DacClk_Start)
.\CortexM3\ARM_GCC_541\Debug\D5-RADAR_Detection.a(WaveDAC8_Wave1_DMA_dma.o)
                              .\CortexM3\ARM_GCC_541\Debug\D5-RADAR_Detection.a(WaveDAC8.o) (WaveDAC8_Wave1_DMA_DmaInitialize)
.\CortexM3\ARM_GCC_541\Debug\D5-RADAR_Detection.a(WaveDAC8_Wave2_DMA_dma.o)
                              .\CortexM3\ARM_GCC_541\Debug\D5-RADAR_Detection.a(WaveDAC8.o) (WaveDAC8_Wave2_DMA_DmaInitialize)
.\CortexM3\ARM_GCC_541\Debug\D5-RADAR_Detection.a(WaveDAC8_VDAC8.o)
                              .\CortexM3\ARM_GCC_541\Debug\D5-RADAR_Detection.a(WaveDAC8.o) (WaveDAC8_VDAC8_Enable)
.\CortexM3\ARM_GCC_541\Debug\D5-RADAR_Detection.a(ADC_AMux.o)
                              .\CortexM3\ARM_GCC_541\Debug\D5-RADAR_Detection.a(ADC.o) (ADC_AMux_Select)
.\CortexM3\ARM_GCC_541\Debug\D5-RADAR_Detection.a(ADC_Ext_CP_Clk.o)
                              .\CortexM3\ARM_GCC_541\Debug\D5-RADAR_Detection.a(ADC.o) (ADC_Ext_CP_Clk_SetModeRegister)
.\CortexM3\ARM_GCC_541\Debug\D5-RADAR_Detection.a(ADC_theACLK.o)
                              .\CortexM3\ARM_GCC_541\Debug\D5-RADAR_Detection.a(ADC.o) (ADC_theACLK_SetModeRegister)
.\CortexM3\ARM_GCC_541\Debug\D5-RADAR_Detection.a(UART_LOG_IntClock.o)
                              .\CortexM3\ARM_GCC_541\Debug\D5-RADAR_Detection.a(UART_LOG.o) (UART_LOG_IntClock_Start)
.\CortexM3\ARM_GCC_541\Debug\D5-RADAR_Detection.a(CyDmac.o)
                              .\CortexM3\ARM_GCC_541\Debug\Cm3Start.o (CyDmacConfigure)
.\CortexM3\ARM_GCC_541\Debug\D5-RADAR_Detection.a(CyLib.o)
                              .\CortexM3\ARM_GCC_541\Debug\Cm3Start.o (CyHalt)
.\CortexM3\ARM_GCC_541\Debug\D5-RADAR_Detection.a(cyPm.o)
                              .\CortexM3\ARM_GCC_541\Debug\D5-RADAR_Detection.a(CyLib.o) (CyPmReadStatus)
.\CortexM3\ARM_GCC_541\Debug\D5-RADAR_Detection.a(User_LED.o)
                              .\CortexM3\ARM_GCC_541\Debug\main.o (User_LED_Write)
.\CortexM3\ARM_GCC_541\Debug\D5-RADAR_Detection.a(CyBootAsmGnu.o)
                              .\CortexM3\ARM_GCC_541\Debug\cyfitter_cfg.o (CyDelayCycles)
.\CortexM3\ARM_GCC_541\Debug\D5-RADAR_Detection.a(CyFlash.o)
                              .\CortexM3\ARM_GCC_541\Debug\D5-RADAR_Detection.a(cyPm.o) (CyFlash_SetWaitCycles)
.\CortexM3\ARM_GCC_541\Debug\D5-RADAR_Detection.a(CySpc.o)
                              .\CortexM3\ARM_GCC_541\Debug\D5-RADAR_Detection.a(CyFlash.o) (CySpcStart)
.\sources\bsw\fft_application\libfft_application.a(fft_application.o)
                              .\CortexM3\ARM_GCC_541\Debug\state_machine.o (fft_app)
.\sources\bsw\fft_application\libfft_application.a(arm_rfft_q31.o)
                              .\sources\bsw\fft_application\libfft_application.a(fft_application.o) (arm_rfft_q31)
.\sources\bsw\fft_application\libfft_application.a(arm_rfft_init_q31.o)
                              .\sources\bsw\fft_application\libfft_application.a(fft_application.o) (arm_rfft_init_q31)
.\sources\bsw\fft_application\libfft_application.a(arm_cfft_q31.o)
                              .\sources\bsw\fft_application\libfft_application.a(arm_rfft_q31.o) (arm_cfft_q31)
[...]
Memory Configuration

Name             Origin             Length             Attributes
rom              0x00000000         0x00040000         xr
ram              0x1fff8000         0x00010000         xrw
*default*        0x00000000         0xffffffff

Linker script and memory map

LOAD c:/program files (x86)/cypress/psoc creator/4.4/psoc creator/import/gnu/arm/5.4.1/bin/../lib/gcc/arm-none-eabi/5.4.1/armv7-m/crti.o
LOAD c:/program files (x86)/cypress/psoc creator/4.4/psoc creator/import/gnu/arm/5.4.1/bin/../lib/gcc/arm-none-eabi/5.4.1/armv7-m/crtbegin.o
LOAD c:/program files (x86)/cypress/psoc creator/4.4/psoc creator/import/gnu/arm/5.4.1/bin/../lib/gcc/arm-none-eabi/5.4.1/../../../../arm-none-eabi/lib/armv7-m/crt0.o
START GROUP
LOAD .\CortexM3\ARM_GCC_541\Debug\main.o
LOAD .\CortexM3\ARM_GCC_541\Debug\state_machine.o
LOAD .\CortexM3\ARM_GCC_541\Debug\cfar.o
LOAD .\CortexM3\ARM_GCC_541\Debug\hardware_init.o
LOAD .\CortexM3\ARM_GCC_541\Debug\interrupt_handlers.o
LOAD .\CortexM3\ARM_GCC_541\Debug\cyfitter_cfg.o
LOAD .\CortexM3\ARM_GCC_541\Debug\cymetadata.o
LOAD .\CortexM3\ARM_GCC_541\Debug\Cm3Start.o
LOAD .\CortexM3\ARM_GCC_541\Debug\D5-RADAR_Detection.a
LOAD C:\Program Files (x86)\Cypress\PSoC Creator\4.4\PSoC Creator\psoc\content\cycomponentlibrary\CyComponentLibrary.cylib\CortexM3\ARM_GCC_541\Debug\CyComponentLibrary.a
LOAD .\sources\bsw\fft_application\libfft_application.a
LOAD c:/program files (x86)/cypress/psoc creator/4.4/psoc creator/import/gnu/arm/5.4.1/bin/../lib/gcc/arm-none-eabi/5.4.1/../../../../arm-none-eabi/lib/armv7-m\libm.a
END GROUP
START GROUP
LOAD c:/program files (x86)/cypress/psoc creator/4.4/psoc creator/import/gnu/arm/5.4.1/bin/../lib/gcc/arm-none-eabi/5.4.1/armv7-m\libgcc.a
LOAD c:/program files (x86)/cypress/psoc creator/4.4/psoc creator/import/gnu/arm/5.4.1/bin/../lib/gcc/arm-none-eabi/5.4.1/../../../../arm-none-eabi/lib/armv7-m\libg_nano.a
LOAD c:/program files (x86)/cypress/psoc creator/4.4/psoc creator/import/gnu/arm/5.4.1/bin/../lib/gcc/arm-none-eabi/5.4.1/../../../../arm-none-eabi/lib/armv7-m\libc_nano.a
END GROUP
START GROUP
LOAD c:/program files (x86)/cypress/psoc creator/4.4/psoc creator/import/gnu/arm/5.4.1/bin/../lib/gcc/arm-none-eabi/5.4.1/armv7-m\libgcc.a
LOAD c:/program files (x86)/cypress/psoc creator/4.4/psoc creator/import/gnu/arm/5.4.1/bin/../lib/gcc/arm-none-eabi/5.4.1/../../../../arm-none-eabi/lib/armv7-m\libc_nano.a
END GROUP
LOAD c:/program files (x86)/cypress/psoc creator/4.4/psoc creator/import/gnu/arm/5.4.1/bin/../lib/gcc/arm-none-eabi/5.4.1/armv7-m/crtend.o
LOAD c:/program files (x86)/cypress/psoc creator/4.4/psoc creator/import/gnu/arm/5.4.1/bin/../lib/gcc/arm-none-eabi/5.4.1/armv7-m/crtn.o
START GROUP
LOAD c:/program files (x86)/cypress/psoc creator/4.4/psoc creator/import/gnu/arm/5.4.1/bin/../lib/gcc/arm-none-eabi/5.4.1/armv7-m\libgcc.a
LOAD c:/program files (x86)/cypress/psoc creator/4.4/psoc creator/import/gnu/arm/5.4.1/bin/../lib/gcc/arm-none-eabi/5.4.1/../../../../arm-none-eabi/lib/armv7-m\libc.a
LOAD c:/program files (x86)/cypress/psoc creator/4.4/psoc creator/import/gnu/arm/5.4.1/bin/../lib/gcc/arm-none-eabi/5.4.1/../../../../arm-none-eabi/lib/armv7-m\libnosys.a
END GROUP
                0x00000000                CY_APPL_ORIGIN = 0x0
                0x00000100                CY_FLASH_ROW_SIZE = 0x100
                0x00000020                CY_ECC_ROW_SIZE = 0x20
                0x00000000                CY_EE_IN_BTLDR = 0x0
                0x00000000                CY_APPL_LOADABLE = 0x0
                0x00000800                CY_EE_SIZE = 0x800
                0x00000001                CY_APPL_NUM = 0x1
                0x00000001                CY_APPL_MAX = 0x1
                0x00000040                CY_METADATA_SIZE = 0x40
                0x00000000                CY_APPL_LOADABLE = 0x0
                0x00000000                CY_CHECKSUM_EXCLUDE_SIZE = ALIGN (0x0, CY_FLASH_ROW_SIZE)
                [!provide]                PROVIDE (__cy_heap_start, _end)
                0x00000001                PROVIDE (__cy_region_num, ((__cy_regions_end - __cy_regions) / 0x10))
                0x20008000                PROVIDE (__cy_stack, (ORIGIN (ram) + LENGTH (ram)))
                [!provide]                PROVIDE (__cy_heap_end, (__cy_stack - 0x800))

.cybootloader   0x00000000        0x0
 *(.cybootloader)
                0x00000000                appl1_start = CY_APPL_ORIGIN?CY_APPL_ORIGIN:ALIGN (CY_FLASH_ROW_SIZE)
                0x0001ff00                appl2_start = (appl1_start + ALIGN ((((LENGTH (rom) - appl1_start) - (0x2 * CY_FLASH_ROW_SIZE)) / 0x2), CY_FLASH_ROW_SIZE))
                0x00000000                appl_start = (CY_APPL_NUM == 0x1)?appl1_start:appl2_start
                0x00000000                ecc_offset = ((appl_start / CY_FLASH_ROW_SIZE) * CY_ECC_ROW_SIZE)
                0x00000000                ee_offset = (CY_APPL_LOADABLE && ! (CY_EE_IN_BTLDR))?((CY_EE_SIZE / CY_APPL_MAX) * (CY_APPL_NUM - 0x1)):0x0
                0x00000800                ee_size = (CY_APPL_LOADABLE && ! (CY_EE_IN_BTLDR))?(CY_EE_SIZE / CY_APPL_MAX):CY_EE_SIZE
                [!provide]                PROVIDE (CY_ECC_OFFSET, ecc_offset)

.text           0x00000000     0x5044
 CREATE_OBJECT_SYMBOLS
                0x00000000                PROVIDE (__cy_interrupt_vector, RomVectors)
 *(.romvectors)
 .romvectors    0x00000000       0x10 .\CortexM3\ARM_GCC_541\Debug\Cm3Start.o
                0x00000000                RomVectors
                0x00000001                ASSERT ((. != __cy_interrupt_vector), No interrupt vector)
                0x00000001                ASSERT (CY_APPL_ORIGIN?(SIZEOF (.cybootloader) <= CY_APPL_ORIGIN):0x1, Wrong image location)
                0x00000010                PROVIDE (__cy_reset, Reset)
 *(.text.Reset)
 .text.Reset    0x00000010       0x18 .\CortexM3\ARM_GCC_541\Debug\Cm3Start.o
                0x00000010                Reset
                0x00000001                ASSERT ((. != __cy_reset), No reset code)
 *(.dma_init)
                0x00000001                ASSERT ((((appl_start + .) <= 0x10000) || 0x1), DMA Init must be within the first 64k of flash)
 *(.text .text.* .gnu.linkonce.t.*)
 .text          0x00000028       0x5c c:/program files (x86)/cypress/psoc creator/4.4/psoc creator/import/gnu/arm/5.4.1/bin/../lib/gcc/arm-none-eabi/5.4.1/armv7-m/crtbegin.o
 .text.main     0x00000084       0x4c .\CortexM3\ARM_GCC_541\Debug\main.o
                0x00000084                main
 .text.handleIdleState
                0x000000d0       0x28 .\CortexM3\ARM_GCC_541\Debug\state_machine.o
                0x000000d0                handleIdleState
 .text.handleSamplingState
                0x000000f8       0x50 .\CortexM3\ARM_GCC_541\Debug\state_machine.o
                0x000000f8                handleSamplingState
 .text.handleUARTTransferState
                0x00000148       0xd0 .\CortexM3\ARM_GCC_541\Debug\state_machine.o
                0x00000148                handleUARTTransferState
 .text.CFAR     0x00000218      0x194 .\CortexM3\ARM_GCC_541\Debug\cfar.o
                0x00000218                CFAR
 .text.sendCFARData
                0x000003ac       0x50 .\CortexM3\ARM_GCC_541\Debug\cfar.o
                0x000003ac                sendCFARData
 .text.initializeHardware
                0x000003fc       0x24 .\CortexM3\ARM_GCC_541\Debug\hardware_init.o
                0x000003fc                initializeHardware
 .text.ISR_UARTReceive
                0x00000420       0x24 .\CortexM3\ARM_GCC_541\Debug\interrupt_handlers.o
                0x00000420                ISR_UARTReceive
 .text.CyClockStartupError
                0x00000444        0x4 .\CortexM3\ARM_GCC_541\Debug\cyfitter_cfg.o
 .text.cfg_write_bytes32
                0x00000448       0x34 .\CortexM3\ARM_GCC_541\Debug\cyfitter_cfg.o
 .text.AnalogSetDefault
                0x0000047c       0x44 .\CortexM3\ARM_GCC_541\Debug\cyfitter_cfg.o
 .text.CYMEMZERO
                0x000004c0        0xc .\CortexM3\ARM_GCC_541\Debug\cyfitter_cfg.o
 .text.CYCONFIGCPY
                0x000004cc        0x8 .\CortexM3\ARM_GCC_541\Debug\cyfitter_cfg.o
 .text.ClockSetup
                0x000004d4      0x100 .\CortexM3\ARM_GCC_541\Debug\cyfitter_cfg.o
 .text.ADC_AMux_Set
                0x000005d4       0x1c .\CortexM3\ARM_GCC_541\Debug\cyfitter_cfg.o
                0x000005d4                ADC_AMux_Set
 .text.ADC_AMux_Unset
                0x000005f0       0x1c .\CortexM3\ARM_GCC_541\Debug\cyfitter_cfg.o
                0x000005f0                ADC_AMux_Unset
 .text.cyfitter_cfg
                0x0000060c      0x134 .\CortexM3\ARM_GCC_541\Debug\cyfitter_cfg.o
                0x0000060c                cyfitter_cfg
 .text.IntDefaultHandler
                0x00000740       0x10 .\CortexM3\ARM_GCC_541\Debug\Cm3Start.o
                0x00000740                IntDefaultHandler
 .text._sbrk    0x00000750       0x30 .\CortexM3\ARM_GCC_541\Debug\Cm3Start.o
                0x00000750                _sbrk
 .text.Start_c  0x00000780       0x4c .\CortexM3\ARM_GCC_541\Debug\Cm3Start.o
                0x00000780                Start_c
 .text.initialize_psoc
                0x000007cc       0x6c .\CortexM3\ARM_GCC_541\Debug\Cm3Start.o
                0x000007cc                initialize_psoc
 .text.WaveDAC8_Enable
                0x00000838       0x28 .\CortexM3\ARM_GCC_541\Debug\D5-RADAR_Detection.a(WaveDAC8.o)
                0x00000838                WaveDAC8_Enable
 .text.WaveDAC8_Wave1Setup
                0x00000860       0x40 .\CortexM3\ARM_GCC_541\Debug\D5-RADAR_Detection.a(WaveDAC8.o)
                0x00000860                WaveDAC8_Wave1Setup
 .text.WaveDAC8_Wave2Setup
                0x000008a0       0x40 .\CortexM3\ARM_GCC_541\Debug\D5-RADAR_Detection.a(WaveDAC8.o)
                0x000008a0                WaveDAC8_Wave2Setup
 .text.WaveDAC8_Init
                0x000008e0       0x40 .\CortexM3\ARM_GCC_541\Debug\D5-RADAR_Detection.a(WaveDAC8.o)
                0x000008e0                WaveDAC8_Init
 .text.WaveDAC8_Start
                0x00000920       0x1c .\CortexM3\ARM_GCC_541\Debug\D5-RADAR_Detection.a(WaveDAC8.o)
                0x00000920                WaveDAC8_Start
 .text.ADC_GainCompensation
                0x0000093c       0xe0 .\CortexM3\ARM_GCC_541\Debug\D5-RADAR_Detection.a(ADC.o)
 .text.ADC_SetDSMRef0Reg
                0x00000a1c       0x4c .\CortexM3\ARM_GCC_541\Debug\D5-RADAR_Detection.a(ADC.o)
 .text.ADC_InitConfig
                0x00000a68      0x338 .\CortexM3\ARM_GCC_541\Debug\D5-RADAR_Detection.a(ADC.o)
 .text.ADC_Init
                0x00000da0      0x108 .\CortexM3\ARM_GCC_541\Debug\D5-RADAR_Detection.a(ADC.o)
                0x00000da0                ADC_Init
 .text.ADC_Enable
                0x00000ea8       0xd8 .\CortexM3\ARM_GCC_541\Debug\D5-RADAR_Detection.a(ADC.o)
                0x00000ea8                ADC_Enable
 .text.ADC_Start
                0x00000f80       0x28 .\CortexM3\ARM_GCC_541\Debug\D5-RADAR_Detection.a(ADC.o)
                0x00000f80                ADC_Start
 .text.ADC_StartConvert
                0x00000fa8       0x10 .\CortexM3\ARM_GCC_541\Debug\D5-RADAR_Detection.a(ADC.o)
                0x00000fa8                ADC_StartConvert
 .text.ADC_IsEndConversion
                0x00000fb8       0x30 .\CortexM3\ARM_GCC_541\Debug\D5-RADAR_Detection.a(ADC.o)
                0x00000fb8                ADC_IsEndConversion
 .text.ADC_GetResult16
                0x00000fe8       0x50 .\CortexM3\ARM_GCC_541\Debug\D5-RADAR_Detection.a(ADC.o)
                0x00000fe8                ADC_GetResult16
 .text.ADC_ISR1
                0x00001038        0x4 .\CortexM3\ARM_GCC_541\Debug\D5-RADAR_Detection.a(ADC_INT.o)
                0x00001038                ADC_ISR1
 .text.ADC_ISR2
                0x0000103c        0x4 .\CortexM3\ARM_GCC_541\Debug\D5-RADAR_Detection.a(ADC_INT.o)
                0x0000103c                ADC_ISR2
 .text.ADC_ISR3
                0x00001040        0x4 .\CortexM3\ARM_GCC_541\Debug\D5-RADAR_Detection.a(ADC_INT.o)
                0x00001040                ADC_ISR3
 .text.ADC_ISR4
                0x00001044        0x4 .\CortexM3\ARM_GCC_541\Debug\D5-RADAR_Detection.a(ADC_INT.o)
                0x00001044                ADC_ISR4
 .text.UART_LOG_Init
                0x00001048       0x40 .\CortexM3\ARM_GCC_541\Debug\D5-RADAR_Detection.a(UART_LOG.o)
                0x00001048                UART_LOG_Init
 .text.UART_LOG_Enable
                0x00001088       0x48 .\CortexM3\ARM_GCC_541\Debug\D5-RADAR_Detection.a(UART_LOG.o)
                0x00001088                UART_LOG_Enable
 .text.UART_LOG_Start
                0x000010d0       0x1c .\CortexM3\ARM_GCC_541\Debug\D5-RADAR_Detection.a(UART_LOG.o)
                0x000010d0                UART_LOG_Start
 .text.UART_LOG_GetChar
                0x000010ec       0x2c .\CortexM3\ARM_GCC_541\Debug\D5-RADAR_Detection.a(UART_LOG.o)
                0x000010ec                UART_LOG_GetChar
 .text.UART_LOG_PutChar
                0x00001118       0x70 .\CortexM3\ARM_GCC_541\Debug\D5-RADAR_Detection.a(UART_LOG.o)
                0x00001118                UART_LOG_PutChar
 .text.UART_LOG_TXISR
                0x00001188       0x58 .\CortexM3\ARM_GCC_541\Debug\D5-RADAR_Detection.a(UART_LOG_INT.o)
                0x00001188                UART_LOG_TXISR
 .text.ISR_UART_SetVector
                0x000011e0        0xc .\CortexM3\ARM_GCC_541\Debug\D5-RADAR_Detection.a(ISR_UART.o)
                0x000011e0                ISR_UART_SetVector
 .text.ISR_UART_SetPriority
                0x000011ec       0x10 .\CortexM3\ARM_GCC_541\Debug\D5-RADAR_Detection.a(ISR_UART.o)
                0x000011ec                ISR_UART_SetPriority
 .text.ISR_UART_Enable
                0x000011fc        0xc .\CortexM3\ARM_GCC_541\Debug\D5-RADAR_Detection.a(ISR_UART.o)
                0x000011fc                ISR_UART_Enable
 .text.ISR_UART_Disable
                0x00001208        0xc .\CortexM3\ARM_GCC_541\Debug\D5-RADAR_Detection.a(ISR_UART.o)
                0x00001208                ISR_UART_Disable
 .text.ISR_UART_StartEx
                0x00001214       0x1c .\CortexM3\ARM_GCC_541\Debug\D5-RADAR_Detection.a(ISR_UART.o)
                0x00001214                ISR_UART_StartEx
 .text.Green_LED_Write
                0x00001230       0x18 .\CortexM3\ARM_GCC_541\Debug\D5-RADAR_Detection.a(Green_LED.o)
                0x00001230                Green_LED_Write
 .text.Yellow_LED_Write
                0x00001248       0x18 .\CortexM3\ARM_GCC_541\Debug\D5-RADAR_Detection.a(Yellow_LED.o)
                0x00001248                Yellow_LED_Write
 .text.Red_LED_Write
                0x00001260       0x18 .\CortexM3\ARM_GCC_541\Debug\D5-RADAR_Detection.a(Red_LED.o)
                0x00001260                Red_LED_Write
 .text.Push_button_Read
                0x00001278        0xc .\CortexM3\ARM_GCC_541\Debug\D5-RADAR_Detection.a(Push_button.o)
                0x00001278                Push_button_Read
 .text.WaveDAC8_DacClk_Start
                0x00001284       0x1c .\CortexM3\ARM_GCC_541\Debug\D5-RADAR_Detection.a(WaveDAC8_DacClk.o)
                0x00001284                WaveDAC8_DacClk_Start
 .text.WaveDAC8_Wave1_DMA_DmaInitialize
                0x000012a0       0x3c .\CortexM3\ARM_GCC_541\Debug\D5-RADAR_Detection.a(WaveDAC8_Wave1_DMA_dma.o)
                0x000012a0                WaveDAC8_Wave1_DMA_DmaInitialize
 .text.WaveDAC8_Wave2_DMA_DmaInitialize
                0x000012dc       0x3c .\CortexM3\ARM_GCC_541\Debug\D5-RADAR_Detection.a(WaveDAC8_Wave2_DMA_dma.o)
                0x000012dc                WaveDAC8_Wave2_DMA_DmaInitialize
 .text.WaveDAC8_VDAC8_Enable
                0x00001318       0x1c .\CortexM3\ARM_GCC_541\Debug\D5-RADAR_Detection.a(WaveDAC8_VDAC8.o)
                0x00001318                WaveDAC8_VDAC8_Enable
 .text.WaveDAC8_VDAC8_SetSpeed
                0x00001334       0x1c .\CortexM3\ARM_GCC_541\Debug\D5-RADAR_Detection.a(WaveDAC8_VDAC8.o)
                0x00001334                WaveDAC8_VDAC8_SetSpeed
 .text.WaveDAC8_VDAC8_SetValue
                0x00001350        0xc .\CortexM3\ARM_GCC_541\Debug\D5-RADAR_Detection.a(WaveDAC8_VDAC8.o)
                0x00001350                WaveDAC8_VDAC8_SetValue
 .text.WaveDAC8_VDAC8_DacTrim
                0x0000135c       0x24 .\CortexM3\ARM_GCC_541\Debug\D5-RADAR_Detection.a(WaveDAC8_VDAC8.o)
                0x0000135c                WaveDAC8_VDAC8_DacTrim
 .text.WaveDAC8_VDAC8_SetRange
                0x00001380       0x20 .\CortexM3\ARM_GCC_541\Debug\D5-RADAR_Detection.a(WaveDAC8_VDAC8.o)
                0x00001380                WaveDAC8_VDAC8_SetRange
 .text.WaveDAC8_VDAC8_Init
                0x000013a0       0x2c .\CortexM3\ARM_GCC_541\Debug\D5-RADAR_Detection.a(WaveDAC8_VDAC8.o)
                0x000013a0                WaveDAC8_VDAC8_Init
 .text.ADC_AMux_Start
                0x000013cc       0x20 .\CortexM3\ARM_GCC_541\Debug\D5-RADAR_Detection.a(ADC_AMux.o)
                0x000013cc                ADC_AMux_Start
 .text.ADC_AMux_Select
                0x000013ec       0x18 .\CortexM3\ARM_GCC_541\Debug\D5-RADAR_Detection.a(ADC_AMux.o)
                0x000013ec                ADC_AMux_Select
 .text.ADC_Ext_CP_Clk_GetDividerRegister
                0x00001404        0xc .\CortexM3\ARM_GCC_541\Debug\D5-RADAR_Detection.a(ADC_Ext_CP_Clk.o)
                0x00001404                ADC_Ext_CP_Clk_GetDividerRegister
 .text.ADC_Ext_CP_Clk_SetModeRegister
                0x00001410       0x14 .\CortexM3\ARM_GCC_541\Debug\D5-RADAR_Detection.a(ADC_Ext_CP_Clk.o)
                0x00001410                ADC_Ext_CP_Clk_SetModeRegister
 .text.ADC_Ext_CP_Clk_GetSourceRegister
                0x00001424       0x10 .\CortexM3\ARM_GCC_541\Debug\D5-RADAR_Detection.a(ADC_Ext_CP_Clk.o)
                0x00001424                ADC_Ext_CP_Clk_GetSourceRegister
 .text.ADC_Ext_CP_Clk_SetDividerRegister
                0x00001434       0xd8 .\CortexM3\ARM_GCC_541\Debug\D5-RADAR_Detection.a(ADC_Ext_CP_Clk.o)
                0x00001434                ADC_Ext_CP_Clk_SetDividerRegister
 .text.ADC_theACLK_GetDividerRegister
                0x0000150c        0xc .\CortexM3\ARM_GCC_541\Debug\D5-RADAR_Detection.a(ADC_theACLK.o)
                0x0000150c                ADC_theACLK_GetDividerRegister
 .text.ADC_theACLK_SetModeRegister
                0x00001518       0x14 .\CortexM3\ARM_GCC_541\Debug\D5-RADAR_Detection.a(ADC_theACLK.o)
                0x00001518                ADC_theACLK_SetModeRegister
 .text.ADC_theACLK_GetSourceRegister
                0x0000152c       0x10 .\CortexM3\ARM_GCC_541\Debug\D5-RADAR_Detection.a(ADC_theACLK.o)
                0x0000152c                ADC_theACLK_GetSourceRegister
 .text.ADC_theACLK_SetDividerRegister
                0x0000153c       0xd8 .\CortexM3\ARM_GCC_541\Debug\D5-RADAR_Detection.a(ADC_theACLK.o)
                0x0000153c                ADC_theACLK_SetDividerRegister
 .text.UART_LOG_IntClock_Start
                0x00001614       0x1c .\CortexM3\ARM_GCC_541\Debug\D5-RADAR_Detection.a(UART_LOG_IntClock.o)
                0x00001614                UART_LOG_IntClock_Start
 .text.CyDmacConfigure
                0x00001630       0x34 .\CortexM3\ARM_GCC_541\Debug\D5-RADAR_Detection.a(CyDmac.o)
                0x00001630                CyDmacConfigure
 .text.CyDmaChEnable
                0x00001664       0x38 .\CortexM3\ARM_GCC_541\Debug\D5-RADAR_Detection.a(CyDmac.o)
                0x00001664                CyDmaChEnable
 .text.CyDmaChPriority
                0x0000169c       0x24 .\CortexM3\ARM_GCC_541\Debug\D5-RADAR_Detection.a(CyDmac.o)
                0x0000169c                CyDmaChPriority
 .text.CyDmaChSetExtendedAddress
                0x000016c0       0x34 .\CortexM3\ARM_GCC_541\Debug\D5-RADAR_Detection.a(CyDmac.o)
                0x000016c0                CyDmaChSetExtendedAddress
 .text.CyDmaChSetInitialTd
                0x000016f4       0x18 .\CortexM3\ARM_GCC_541\Debug\D5-RADAR_Detection.a(CyDmac.o)
                0x000016f4                CyDmaChSetInitialTd
 .text.CyDmaChSetConfiguration
                0x0000170c       0x44 .\CortexM3\ARM_GCC_541\Debug\D5-RADAR_Detection.a(CyDmac.o)
                0x0000170c                CyDmaChSetConfiguration
 .text.CyDmaTdAllocate
                0x00001750       0x34 .\CortexM3\ARM_GCC_541\Debug\D5-RADAR_Detection.a(CyDmac.o)
                0x00001750                CyDmaTdAllocate
 .text.CyDmaTdSetConfiguration
                0x00001784       0x28 .\CortexM3\ARM_GCC_541\Debug\D5-RADAR_Detection.a(CyDmac.o)
                0x00001784                CyDmaTdSetConfiguration
 .text.CyDmaTdSetAddress
                0x000017ac       0x1c .\CortexM3\ARM_GCC_541\Debug\D5-RADAR_Detection.a(CyDmac.o)
                0x000017ac                CyDmaTdSetAddress
 .text.CyHalt   0x000017c8        0x4 .\CortexM3\ARM_GCC_541\Debug\D5-RADAR_Detection.a(CyLib.o)
                0x000017c8                CyHalt
 .text.CyDelayUs
                0x000017cc       0x14 .\CortexM3\ARM_GCC_541\Debug\D5-RADAR_Detection.a(CyLib.o)
                0x000017cc                CyDelayUs
 .text.CyIntSetVector
                0x000017e0       0x28 .\CortexM3\ARM_GCC_541\Debug\D5-RADAR_Detection.a(CyLib.o)
                0x000017e0                CyIntSetVector
 .text.CyIntSetPriority
                0x00001808       0x30 .\CortexM3\ARM_GCC_541\Debug\D5-RADAR_Detection.a(CyLib.o)
                0x00001808                CyIntSetPriority
 .text.User_LED_Write
                0x00001838       0x18 .\CortexM3\ARM_GCC_541\Debug\D5-RADAR_Detection.a(User_LED.o)
                0x00001838                User_LED_Write
 .text          0x00001850       0x20 .\CortexM3\ARM_GCC_541\Debug\D5-RADAR_Detection.a(CyBootAsmGnu.o)
                0x00001850                CyDelayCycles
                0x00001860                CyEnterCriticalSection
                0x00001868                CyExitCriticalSection
 .text.fft_app  0x00001870       0x44 .\sources\bsw\fft_application\libfft_application.a(fft_application.o)
                0x00001870                fft_app
 .text.arm_split_rfft_q31
                0x000018b4      0x21c .\sources\bsw\fft_application\libfft_application.a(arm_rfft_q31.o)
                0x000018b4                arm_split_rfft_q31
 .text.arm_split_rifft_q31
                0x00001ad0      0x1bc .\sources\bsw\fft_application\libfft_application.a(arm_rfft_q31.o)
                0x00001ad0                arm_split_rifft_q31
 .text.arm_rfft_q31
                0x00001c8c       0x70 .\sources\bsw\fft_application\libfft_application.a(arm_rfft_q31.o)
                0x00001c8c                arm_rfft_q31
 .text.arm_rfft_init_q31
                0x00001cfc       0xf0 .\sources\bsw\fft_application\libfft_application.a(arm_rfft_init_q31.o)
                0x00001cfc                arm_rfft_init_q31
 .text.arm_cfft_radix4by2_q31
                0x00001dec      0x18c .\sources\bsw\fft_application\libfft_application.a(arm_cfft_q31.o)
                0x00001dec                arm_cfft_radix4by2_q31
 .text.arm_cfft_radix4by2_inverse_q31
                0x00001f78      0x18c .\sources\bsw\fft_application\libfft_application.a(arm_cfft_q31.o)
                0x00001f78                arm_cfft_radix4by2_inverse_q31
 .text.arm_cfft_q31
                0x00002104       0xbc .\sources\bsw\fft_application\libfft_application.a(arm_cfft_q31.o)
                0x00002104                arm_cfft_q31
 .text.arm_radix4_butterfly_q31
                0x000021c0      0x570 .\sources\bsw\fft_application\libfft_application.a(arm_cfft_radix4_q31.o)
                0x000021c0                arm_radix4_butterfly_q31
 .text.arm_radix4_butterfly_inverse_q31
                0x00002730      0x570 .\sources\bsw\fft_application\libfft_application.a(arm_cfft_radix4_q31.o)
                0x00002730                arm_radix4_butterfly_inverse_q31
 .text          0x00002ca0       0xc0 .\sources\bsw\fft_application\libfft_application.a(arm_bitreversal2.o)
                0x00002ca0                arm_bitreversal_32
                0x00002d0a                arm_bitreversal_16
 .text.pow      0x00002d60      0x330 c:/program files (x86)/cypress/psoc creator/4.4/psoc creator/import/gnu/arm/5.4.1/bin/../lib/gcc/arm-none-eabi/5.4.1/../../../../arm-none-eabi/lib/armv7-m\libm.a(lib_a-w_pow.o)
                0x00002d60                pow
 .text.__ieee754_pow
                0x00003090      0xac4 c:/program files (x86)/cypress/psoc creator/4.4/psoc creator/import/gnu/arm/5.4.1/bin/../lib/gcc/arm-none-eabi/5.4.1/../../../../arm-none-eabi/lib/armv7-m\libm.a(lib_a-e_pow.o)
                0x00003090                __ieee754_pow
 .text.__ieee754_sqrt
                0x00003b54      0x188 c:/program files (x86)/cypress/psoc creator/4.4/psoc creator/import/gnu/arm/5.4.1/bin/../lib/gcc/arm-none-eabi/5.4.1/../../../../arm-none-eabi/lib/armv7-m\libm.a(lib_a-e_sqrt.o)
                0x00003b54                __ieee754_sqrt
 .text.fabs     0x00003cdc        0x8 c:/program files (x86)/cypress/psoc creator/4.4/psoc creator/import/gnu/arm/5.4.1/bin/../lib/gcc/arm-none-eabi/5.4.1/../../../../arm-none-eabi/lib/armv7-m\libm.a(lib_a-s_fabs.o)
                0x00003cdc                fabs
 .text.finite   0x00003ce4        0xc c:/program files (x86)/cypress/psoc creator/4.4/psoc creator/import/gnu/arm/5.4.1/bin/../lib/gcc/arm-none-eabi/5.4.1/../../../../arm-none-eabi/lib/armv7-m\libm.a(lib_a-s_finite.o)
                0x00003ce4                finite
 .text.matherr  0x00003cf0        0x4 c:/program files (x86)/cypress/psoc creator/4.4/psoc creator/import/gnu/arm/5.4.1/bin/../lib/gcc/arm-none-eabi/5.4.1/../../../../arm-none-eabi/lib/armv7-m\libm.a(lib_a-s_matherr.o)
                0x00003cf0                matherr
 .text.nan      0x00003cf4        0xc c:/program files (x86)/cypress/psoc creator/4.4/psoc creator/import/gnu/arm/5.4.1/bin/../lib/gcc/arm-none-eabi/5.4.1/../../../../arm-none-eabi/lib/armv7-m\libm.a(lib_a-s_nan.o)
                0x00003cf4                nan
 .text.rint     0x00003d00      0x120 c:/program files (x86)/cypress/psoc creator/4.4/psoc creator/import/gnu/arm/5.4.1/bin/../lib/gcc/arm-none-eabi/5.4.1/../../../../arm-none-eabi/lib/armv7-m\libm.a(lib_a-s_rint.o)
                0x00003d00                rint
 .text.scalbn   0x00003e20       0xe4 c:/program files (x86)/cypress/psoc creator/4.4/psoc creator/import/gnu/arm/5.4.1/bin/../lib/gcc/arm-none-eabi/5.4.1/../../../../arm-none-eabi/lib/armv7-m\libm.a(lib_a-s_scalbn.o)
                0x00003e20                scalbn
 .text.copysign
                0x00003f04       0x10 c:/program files (x86)/cypress/psoc creator/4.4/psoc creator/import/gnu/arm/5.4.1/bin/../lib/gcc/arm-none-eabi/5.4.1/../../../../arm-none-eabi/lib/armv7-m\libm.a(lib_a-s_copysign.o)
                0x00003f04                copysign
 .text          0x00003f14      0x370 c:/program files (x86)/cypress/psoc creator/4.4/psoc creator/import/gnu/arm/5.4.1/bin/../lib/gcc/arm-none-eabi/5.4.1/armv7-m\libgcc.a(_arm_addsubdf3.o)
                0x00003f14                __aeabi_drsub
                0x00003f1c                __aeabi_dsub
                0x00003f1c                __subdf3
                0x00003f20                __aeabi_dadd
                0x00003f20                __adddf3
                0x00004198                __floatunsidf
                0x00004198                __aeabi_ui2d
                0x000041b8                __floatsidf
                0x000041b8                __aeabi_i2d
                0x000041dc                __aeabi_f2d
                0x000041dc                __extendsfdf2
                0x00004218                __floatundidf
                0x00004218                __aeabi_ul2d
                0x00004228                __floatdidf
                0x00004228                __aeabi_l2d
 .text          0x00004284      0x424 c:/program files (x86)/cypress/psoc creator/4.4/psoc creator/import/gnu/arm/5.4.1/bin/../lib/gcc/arm-none-eabi/5.4.1/armv7-m\libgcc.a(_arm_muldivdf3.o)
                0x00004284                __aeabi_dmul
                0x00004284                __muldf3
                0x000044d8                __divdf3
                0x000044d8                __aeabi_ddiv
 .text          0x000046a8      0x110 c:/program files (x86)/cypress/psoc creator/4.4/psoc creator/import/gnu/arm/5.4.1/bin/../lib/gcc/arm-none-eabi/5.4.1/armv7-m\libgcc.a(_arm_cmpdf2.o)
                0x000046a8                __gtdf2
                0x000046a8                __gedf2
                0x000046b0                __ltdf2
                0x000046b0                __ledf2
                0x000046b8                __nedf2
                0x000046b8                __eqdf2
                0x000046b8                __cmpdf2
                0x00004734                __aeabi_cdrcmple
                0x00004744                __aeabi_cdcmpeq
                0x00004744                __aeabi_cdcmple
                0x00004754                __aeabi_dcmpeq
                0x00004768                __aeabi_dcmplt
                0x0000477c                __aeabi_dcmple
                0x00004790                __aeabi_dcmpge
                0x000047a4                __aeabi_dcmpgt
 .text          0x000047b8       0x2c c:/program files (x86)/cypress/psoc creator/4.4/psoc creator/import/gnu/arm/5.4.1/bin/../lib/gcc/arm-none-eabi/5.4.1/armv7-m\libgcc.a(_arm_unorddf2.o)
                0x000047b8                __unorddf2
                0x000047b8                __aeabi_dcmpun
 .text          0x000047e4       0xa0 c:/program files (x86)/cypress/psoc creator/4.4/psoc creator/import/gnu/arm/5.4.1/bin/../lib/gcc/arm-none-eabi/5.4.1/armv7-m\libgcc.a(_arm_truncdfsf2.o)
                0x000047e4                __truncdfsf2
                0x000047e4                __aeabi_d2f
 .text          0x00004884      0x21c c:/program files (x86)/cypress/psoc creator/4.4/psoc creator/import/gnu/arm/5.4.1/bin/../lib/gcc/arm-none-eabi/5.4.1/armv7-m\libgcc.a(_arm_addsubsf3.o)
                0x00004884                __aeabi_frsub
                0x0000488c                __subsf3
                0x0000488c                __aeabi_fsub
                0x00004890                __aeabi_fadd
                0x00004890                __addsf3
                0x000049f0                __aeabi_ui2f
                0x000049f0                __floatunsisf
                0x000049f8                __aeabi_i2f
                0x000049f8                __floatsisf
                0x00004a14                __aeabi_ul2f
                0x00004a14                __floatundisf
                0x00004a24                __aeabi_l2f
                0x00004a24                __floatdisf
 .text          0x00004aa0      0x2a0 c:/program files (x86)/cypress/psoc creator/4.4/psoc creator/import/gnu/arm/5.4.1/bin/../lib/gcc/arm-none-eabi/5.4.1/armv7-m\libgcc.a(_arm_muldivsf3.o)
                0x00004aa0                __mulsf3
                0x00004aa0                __aeabi_fmul
                0x00004c08                __aeabi_fdiv
                0x00004c08                __divsf3
 .text          0x00004d40       0xec c:/program files (x86)/cypress/psoc creator/4.4/psoc creator/import/gnu/arm/5.4.1/bin/../lib/gcc/arm-none-eabi/5.4.1/armv7-m\libgcc.a(_arm_cmpsf2.o)
                0x00004d40                __gesf2
                0x00004d40                __gtsf2
                0x00004d48                __lesf2
                0x00004d48                __ltsf2
                0x00004d50                __nesf2
                0x00004d50                __eqsf2
                0x00004d50                __cmpsf2
                0x00004db0                __aeabi_cfrcmple
                0x00004db8                __aeabi_cfcmpeq
                0x00004db8                __aeabi_cfcmple
                0x00004dc8                __aeabi_fcmpeq
                0x00004ddc                __aeabi_fcmplt
                0x00004df0                __aeabi_fcmple
                0x00004e04                __aeabi_fcmpge
                0x00004e18                __aeabi_fcmpgt
 .text.__errno  0x00004e2c        0xc c:/program files (x86)/cypress/psoc creator/4.4/psoc creator/import/gnu/arm/5.4.1/bin/../lib/gcc/arm-none-eabi/5.4.1/../../../../arm-none-eabi/lib/armv7-m\libg_nano.a(lib_a-errno.o)
                0x00004e2c                __errno
 .text.__libc_init_array
                0x00004e38       0x4c c:/program files (x86)/cypress/psoc creator/4.4/psoc creator/import/gnu/arm/5.4.1/bin/../lib/gcc/arm-none-eabi/5.4.1/../../../../arm-none-eabi/lib/armv7-m\libg_nano.a(lib_a-init.o)
                0x00004e38                __libc_init_array
 .text.malloc   0x00004e84       0x10 c:/program files (x86)/cypress/psoc creator/4.4/psoc creator/import/gnu/arm/5.4.1/bin/../lib/gcc/arm-none-eabi/5.4.1/../../../../arm-none-eabi/lib/armv7-m\libg_nano.a(lib_a-malloc.o)
                0x00004e84                malloc
 .text.free     0x00004e94       0x10 c:/program files (x86)/cypress/psoc creator/4.4/psoc creator/import/gnu/arm/5.4.1/bin/../lib/gcc/arm-none-eabi/5.4.1/../../../../arm-none-eabi/lib/armv7-m\libg_nano.a(lib_a-malloc.o)
                0x00004e94                free
 .text.memcpy   0x00004ea4       0x16 c:/program files (x86)/cypress/psoc creator/4.4/psoc creator/import/gnu/arm/5.4.1/bin/../lib/gcc/arm-none-eabi/5.4.1/../../../../arm-none-eabi/lib/armv7-m\libg_nano.a(lib_a-memcpy-stub.o)
                0x00004ea4                memcpy
 .text.memset   0x00004eba       0x10 c:/program files (x86)/cypress/psoc creator/4.4/psoc creator/import/gnu/arm/5.4.1/bin/../lib/gcc/arm-none-eabi/5.4.1/../../../../arm-none-eabi/lib/armv7-m\libg_nano.a(lib_a-memset.o)
                0x00004eba                memset
 *fill*         0x00004eca        0x2 
 .text._free_r  0x00004ecc       0x98 c:/program files (x86)/cypress/psoc creator/4.4/psoc creator/import/gnu/arm/5.4.1/bin/../lib/gcc/arm-none-eabi/5.4.1/../../../../arm-none-eabi/lib/armv7-m\libg_nano.a(lib_a-nano-freer.o)
                0x00004ecc                _free_r
 .text._malloc_r
                0x00004f64       0xbc c:/program files (x86)/cypress/psoc creator/4.4/psoc creator/import/gnu/arm/5.4.1/bin/../lib/gcc/arm-none-eabi/5.4.1/../../../../arm-none-eabi/lib/armv7-m\libg_nano.a(lib_a-nano-mallocr.o)
                0x00004f64                _malloc_r
 .text._sbrk_r  0x00005020       0x20 c:/program files (x86)/cypress/psoc creator/4.4/psoc creator/import/gnu/arm/5.4.1/bin/../lib/gcc/arm-none-eabi/5.4.1/../../../../arm-none-eabi/lib/armv7-m\libg_nano.a(lib_a-sbrkr.o)
                0x00005020                _sbrk_r
 .text.__malloc_lock
                0x00005040        0x2 c:/program files (x86)/cypress/psoc creator/4.4/psoc creator/import/gnu/arm/5.4.1/bin/../lib/gcc/arm-none-eabi/5.4.1/../../../../arm-none-eabi/lib/armv7-m\libg_nano.a(lib_a-mlock.o)
                0x00005040                __malloc_lock
 .text.__malloc_unlock
                0x00005042        0x2 c:/program files (x86)/cypress/psoc creator/4.4/psoc creator/import/gnu/arm/5.4.1/bin/../lib/gcc/arm-none-eabi/5.4.1/../../../../arm-none-eabi/lib/armv7-m\libg_nano.a(lib_a-mlock.o)
                0x00005042                __malloc_unlock
 *(.plt)
 *(.gnu.warning)
 *(.glue_7t)
 .glue_7t       0x00005044        0x0 linker stubs
 *(.glue_7)
 .glue_7        0x00005044        0x0 linker stubs
 *(.vfp11_veneer)
 .vfp11_veneer  0x00005044        0x0 linker stubs
 *(.bootloader)
 *(.ARM.extab* .gnu.linkonce.armextab.*)
 *(.gcc_except_table)

.v4_bx          0x00005044        0x0
 .v4_bx         0x00005044        0x0 linker stubs

.iplt           0x00005044        0x0
 .iplt          0x00005044        0x0 c:/program files (x86)/cypress/psoc creator/4.4/psoc creator/import/gnu/arm/5.4.1/bin/../lib/gcc/arm-none-eabi/5.4.1/armv7-m/crtbegin.o

.eh_frame_hdr
 *(.eh_frame_hdr)

.eh_frame       0x00005044        0x4
 *(.eh_frame)
 .eh_frame      0x00005044        0x0 c:/program files (x86)/cypress/psoc creator/4.4/psoc creator/import/gnu/arm/5.4.1/bin/../lib/gcc/arm-none-eabi/5.4.1/armv7-m/crtbegin.o
 .eh_frame      0x00005044        0x4 c:/program files (x86)/cypress/psoc creator/4.4/psoc creator/import/gnu/arm/5.4.1/bin/../lib/gcc/arm-none-eabi/5.4.1/armv7-m/crtend.o
                [!provide]                PROVIDE (__exidx_start, .)

.ARM.exidx
 *(.ARM.exidx* .gnu.linkonce.armexidx.*)
                0x00005048                __exidx_end = .

.rodata         0x00005048    0x20308
 *(.rodata .rodata.* .gnu.linkonce.r.*)
 .rodata        0x00005048       0x42 .\CortexM3\ARM_GCC_541\Debug\cyfitter_cfg.o
                0x00005048                ADC_AMux__addrTable
                0x00005050                ADC_AMux__maskTable
 *fill*         0x0000508a        0x2 
 .rodata        0x0000508c      0x44c .\CortexM3\ARM_GCC_541\Debug\D5-RADAR_Detection.a(WaveDAC8.o)
                0x0000508c                WaveDAC8_wave1
                0x00005474                WaveDAC8_wave2
 .rodata.realCoefAQ31
                0x000054d8     0x8000 .\sources\bsw\fft_application\libfft_application.a(arm_rfft_init_q31.o)
                0x000054d8                realCoefAQ31
 .rodata.realCoefBQ31
                0x0000d4d8     0x8000 .\sources\bsw\fft_application\libfft_application.a(arm_rfft_init_q31.o)
                0x0000d4d8                realCoefBQ31
 .rodata.arm_cfft_sR_q31_len32
                0x000154d8       0x10 .\sources\bsw\fft_application\libfft_application.a(arm_const_structs.o)
                0x000154d8                arm_cfft_sR_q31_len32
 .rodata.arm_cfft_sR_q31_len512
                0x000154e8       0x10 .\sources\bsw\fft_application\libfft_application.a(arm_const_structs.o)
                0x000154e8                arm_cfft_sR_q31_len512
 .rodata.arm_cfft_sR_q31_len16
                0x000154f8       0x10 .\sources\bsw\fft_application\libfft_application.a(arm_const_structs.o)
                0x000154f8                arm_cfft_sR_q31_len16
 .rodata.arm_cfft_sR_q31_len256
                0x00015508       0x10 .\sources\bsw\fft_application\libfft_application.a(arm_const_structs.o)
                0x00015508                arm_cfft_sR_q31_len256
 .rodata.arm_cfft_sR_q31_len1024
                0x00015518       0x10 .\sources\bsw\fft_application\libfft_application.a(arm_const_structs.o)
                0x00015518                arm_cfft_sR_q31_len1024
 .rodata.arm_cfft_sR_q31_len64
                0x00015528       0x10 .\sources\bsw\fft_application\libfft_application.a(arm_const_structs.o)
                0x00015528                arm_cfft_sR_q31_len64
 .rodata.arm_cfft_sR_q31_len128
                0x00015538       0x10 .\sources\bsw\fft_application\libfft_application.a(arm_const_structs.o)
                0x00015538                arm_cfft_sR_q31_len128
 .rodata.arm_cfft_sR_q31_len2048
                0x00015548       0x10 .\sources\bsw\fft_application\libfft_application.a(arm_const_structs.o)
                0x00015548                arm_cfft_sR_q31_len2048
 .rodata.arm_cfft_sR_q31_len4096
                0x00015558       0x10 .\sources\bsw\fft_application\libfft_application.a(arm_const_structs.o)
                0x00015558                arm_cfft_sR_q31_len4096
 .rodata.armBitRevIndexTable_fixed_128
                0x00015568       0xe0 .\sources\bsw\fft_application\libfft_application.a(arm_common_tables.o)
                0x00015568                armBitRevIndexTable_fixed_128
 .rodata.armBitRevIndexTable_fixed_2048
                0x00015648      0xf80 .\sources\bsw\fft_application\libfft_application.a(arm_common_tables.o)
                0x00015648                armBitRevIndexTable_fixed_2048
 .rodata.twiddleCoef_32_q31
                0x000165c8       0xc0 .\sources\bsw\fft_application\libfft_application.a(arm_common_tables.o)
                0x000165c8                twiddleCoef_32_q31
 .rodata.armBitRevIndexTable_fixed_4096
                0x00016688     0x1f80 .\sources\bsw\fft_application\libfft_application.a(arm_common_tables.o)
                0x00016688                armBitRevIndexTable_fixed_4096
 .rodata.armBitRevIndexTable_fixed_1024
                0x00018608      0x7c0 .\sources\bsw\fft_application\libfft_application.a(arm_common_tables.o)
                0x00018608                armBitRevIndexTable_fixed_1024
 .rodata.twiddleCoef_1024_q31
                0x00018dc8     0x1800 .\sources\bsw\fft_application\libfft_application.a(arm_common_tables.o)
                0x00018dc8                twiddleCoef_1024_q31
 .rodata.twiddleCoef_4096_q31
                0x0001a5c8     0x6000 .\sources\bsw\fft_application\libfft_application.a(arm_common_tables.o)
                0x0001a5c8                twiddleCoef_4096_q31
 .rodata.twiddleCoef_16_q31
                0x000205c8       0x60 .\sources\bsw\fft_application\libfft_application.a(arm_common_tables.o)
                0x000205c8                twiddleCoef_16_q31
 .rodata.twiddleCoef_64_q31
                0x00020628      0x180 .\sources\bsw\fft_application\libfft_application.a(arm_common_tables.o)
                0x00020628                twiddleCoef_64_q31
 .rodata.twiddleCoef_2048_q31
                0x000207a8     0x3000 .\sources\bsw\fft_application\libfft_application.a(arm_common_tables.o)
                0x000207a8                twiddleCoef_2048_q31
 .rodata.twiddleCoef_256_q31
                0x000237a8      0x600 .\sources\bsw\fft_application\libfft_application.a(arm_common_tables.o)
                0x000237a8                twiddleCoef_256_q31
 .rodata.twiddleCoef_512_q31
                0x00023da8      0xc00 .\sources\bsw\fft_application\libfft_application.a(arm_common_tables.o)
                0x00023da8                twiddleCoef_512_q31
 .rodata.armBitRevIndexTable_fixed_512
                0x000249a8      0x3c0 .\sources\bsw\fft_application\libfft_application.a(arm_common_tables.o)
                0x000249a8                armBitRevIndexTable_fixed_512
 .rodata.armBitRevIndexTable_fixed_16
                0x00024d68       0x18 .\sources\bsw\fft_application\libfft_application.a(arm_common_tables.o)
                0x00024d68                armBitRevIndexTable_fixed_16
 .rodata.armBitRevIndexTable_fixed_32
                0x00024d80       0x30 .\sources\bsw\fft_application\libfft_application.a(arm_common_tables.o)
                0x00024d80                armBitRevIndexTable_fixed_32
 .rodata.armBitRevIndexTable_fixed_256
                0x00024db0      0x1e0 .\sources\bsw\fft_application\libfft_application.a(arm_common_tables.o)
                0x00024db0                armBitRevIndexTable_fixed_256
 .rodata.armBitRevIndexTable_fixed_64
                0x00024f90       0x70 .\sources\bsw\fft_application\libfft_application.a(arm_common_tables.o)
                0x00024f90                armBitRevIndexTable_fixed_64
 .rodata.twiddleCoef_128_q31
                0x00025000      0x300 .\sources\bsw\fft_application\libfft_application.a(arm_common_tables.o)
                0x00025000                twiddleCoef_128_q31
 .rodata.str1.4
                0x00025300        0x4 c:/program files (x86)/cypress/psoc creator/4.4/psoc creator/import/gnu/arm/5.4.1/bin/../lib/gcc/arm-none-eabi/5.4.1/../../../../arm-none-eabi/lib/armv7-m\libm.a(lib_a-w_pow.o)
 .rodata.str1.4
                0x00025304        0x4 c:/program files (x86)/cypress/psoc creator/4.4/psoc creator/import/gnu/arm/5.4.1/bin/../lib/gcc/arm-none-eabi/5.4.1/../../../../arm-none-eabi/lib/armv7-m\libm.a(lib_a-e_pow.o)
                                  0x1 (size before relaxing)
 .rodata.TWO52  0x00025308       0x10 c:/program files (x86)/cypress/psoc creator/4.4/psoc creator/import/gnu/arm/5.4.1/bin/../lib/gcc/arm-none-eabi/5.4.1/../../../../arm-none-eabi/lib/armv7-m\libm.a(lib_a-s_rint.o)
 .rodata.str1.1
                0x00025318        0x2 c:/program files (x86)/cypress/psoc creator/4.4/psoc creator/import/gnu/arm/5.4.1/bin/../lib/gcc/arm-none-eabi/5.4.1/../../../../arm-none-eabi/lib/armv7-m\libg_nano.a(lib_a-impure.o)
                0x0002531c                . = ALIGN (0x4)
 *fill*         0x0002531a        0x2 
 *(.init)
 .init          0x0002531c        0x4 c:/program files (x86)/cypress/psoc creator/4.4/psoc creator/import/gnu/arm/5.4.1/bin/../lib/gcc/arm-none-eabi/5.4.1/armv7-m/crti.o
                0x0002531c                _init
 .init          0x00025320        0x8 c:/program files (x86)/cypress/psoc creator/4.4/psoc creator/import/gnu/arm/5.4.1/bin/../lib/gcc/arm-none-eabi/5.4.1/armv7-m/crtn.o
                0x00025328                . = ALIGN (0x4)
                0x00025328                __preinit_array_start = .
 *(.preinit_array)
                0x00025328                __preinit_array_end = .
                0x00025328                . = ALIGN (0x4)
                0x00025328                __init_array_start = .
 *(SORT(.init_array.*))
 *(.init_array)
 .init_array    0x00025328        0x4 c:/program files (x86)/cypress/psoc creator/4.4/psoc creator/import/gnu/arm/5.4.1/bin/../lib/gcc/arm-none-eabi/5.4.1/armv7-m/crtbegin.o
 .init_array    0x0002532c        0x4 .\CortexM3\ARM_GCC_541\Debug\Cm3Start.o
                0x00025330                __init_array_end = .
                0x00025330                . = ALIGN (0x4)
 *(.fini)
 .fini          0x00025330        0x4 c:/program files (x86)/cypress/psoc creator/4.4/psoc creator/import/gnu/arm/5.4.1/bin/../lib/gcc/arm-none-eabi/5.4.1/armv7-m/crti.o
                0x00025330                _fini
 .fini          0x00025334        0x8 c:/program files (x86)/cypress/psoc creator/4.4/psoc creator/import/gnu/arm/5.4.1/bin/../lib/gcc/arm-none-eabi/5.4.1/armv7-m/crtn.o
                0x0002533c                . = ALIGN (0x4)
                0x0002533c                __fini_array_start = .
 *(.fini_array)
 .fini_array    0x0002533c        0x4 c:/program files (x86)/cypress/psoc creator/4.4/psoc creator/import/gnu/arm/5.4.1/bin/../lib/gcc/arm-none-eabi/5.4.1/armv7-m/crtbegin.o
 *(SORT(.fini_array.*))
                0x00025340                __fini_array_end = .
                0x00025340                . = ALIGN (0x4)
 *crtbegin.o(.ctors)
 *(EXCLUDE_FILE(*crtend.o) .ctors)
 *(SORT(.ctors.*))
 *crtend.o(.ctors)
                0x00025340                . = ALIGN (0x4)
 *crtbegin.o(.dtors)
 *(EXCLUDE_FILE(*crtend.o) .dtors)
 *(SORT(.dtors.*))
 *crtend.o(.dtors)
                0x00025340                . = ALIGN (0x4)
                0x00025340                __cy_regions = .
                0x00025340        0x4 LONG 0x25350 __cy_region_init_ram
                0x00025344        0x4 LONG 0x1fff80c8 __cy_region_start_data
                0x00025348        0x4 LONG 0x14a0 __cy_region_init_size_ram
                0x0002534c        0x4 LONG 0x28c0 __cy_region_zero_size_ram
                0x00025350                __cy_regions_end = .
                0x00025350                . = ALIGN (0x8)
                0x00025350                _etext = .

.cy_checksum_exclude
                0x00025350        0x0
 *(.cy_checksum_exclude)

.ramvectors     0x1fff8000       0xc0
                0x1fff8000                __cy_region_start_ram = .
 *(.ramvectors)
 .ramvectors    0x1fff8000       0xc0 .\CortexM3\ARM_GCC_541\Debug\Cm3Start.o
                0x1fff8000                CyRamVectors

.noinit         0x1fff80c0        0x1
 *(.noinit)
 .noinit        0x1fff80c0        0x1 .\CortexM3\ARM_GCC_541\Debug\D5-RADAR_Detection.a(CyLib.o)
                0x1fff80c0                CyResetStatus

.data           0x1fff80c8     0x14a0 load address 0x00025350
                0x1fff80c8                __cy_region_start_data = .
 *(.jcr)
 .jcr           0x1fff80c8        0x0 c:/program files (x86)/cypress/psoc creator/4.4/psoc creator/import/gnu/arm/5.4.1/bin/../lib/gcc/arm-none-eabi/5.4.1/armv7-m/crtbegin.o
 .jcr           0x1fff80c8        0x4 c:/program files (x86)/cypress/psoc creator/4.4/psoc creator/import/gnu/arm/5.4.1/bin/../lib/gcc/arm-none-eabi/5.4.1/armv7-m/crtend.o
 *(.got.plt)
 *(.got)
 *(.shdata)
 *(.data .data.* .gnu.linkonce.d.*)
 .data          0x1fff80cc     0x1414 .\CortexM3\ARM_GCC_541\Debug\main.o
                0x1fff80cc                cfarParameters
 .data          0x1fff94e0        0x4 .\CortexM3\ARM_GCC_541\Debug\Cm3Start.o
 .data          0x1fff94e4        0x1 .\CortexM3\ARM_GCC_541\Debug\D5-RADAR_Detection.a(ADC.o)
                0x1fff94e4                ADC_Config
 .data          0x1fff94e5        0x1 .\CortexM3\ARM_GCC_541\Debug\D5-RADAR_Detection.a(WaveDAC8_Wave1_DMA_dma.o)
                0x1fff94e5                WaveDAC8_Wave1_DMA_DmaHandle
 .data          0x1fff94e6        0x1 .\CortexM3\ARM_GCC_541\Debug\D5-RADAR_Detection.a(WaveDAC8_Wave2_DMA_dma.o)
                0x1fff94e6                WaveDAC8_Wave2_DMA_DmaHandle
 .data          0x1fff94e7        0x1 .\CortexM3\ARM_GCC_541\Debug\D5-RADAR_Detection.a(ADC_AMux.o)
 .data          0x1fff94e8        0x8 .\CortexM3\ARM_GCC_541\Debug\D5-RADAR_Detection.a(CyDmac.o)
 .data          0x1fff94f0       0x10 .\CortexM3\ARM_GCC_541\Debug\D5-RADAR_Detection.a(CyLib.o)
                0x1fff94f0                cydelay_32k_ms
                0x1fff94f4                cydelay_freq_khz
                0x1fff94f8                cydelay_freq_mhz
                0x1fff94fc                cydelay_freq_hz
 .data.__fdlib_version
                0x1fff9500        0x1 c:/program files (x86)/cypress/psoc creator/4.4/psoc creator/import/gnu/arm/5.4.1/bin/../lib/gcc/arm-none-eabi/5.4.1/../../../../arm-none-eabi/lib/armv7-m\libm.a(lib_a-s_lib_ver.o)
                0x1fff9500                __fdlib_version
 *fill*         0x1fff9501        0x3 
 .data.impure_data
                0x1fff9504       0x60 c:/program files (x86)/cypress/psoc creator/4.4/psoc creator/import/gnu/arm/5.4.1/bin/../lib/gcc/arm-none-eabi/5.4.1/../../../../arm-none-eabi/lib/armv7-m\libg_nano.a(lib_a-impure.o)
 .data._impure_ptr
                0x1fff9564        0x4 c:/program files (x86)/cypress/psoc creator/4.4/psoc creator/import/gnu/arm/5.4.1/bin/../lib/gcc/arm-none-eabi/5.4.1/../../../../arm-none-eabi/lib/armv7-m\libg_nano.a(lib_a-impure.o)
                0x1fff9564                _impure_ptr
                0x1fff9568                . = ALIGN (0x8)
 *(.ram)
                0x1fff9568                _edata = .

.igot.plt       0x1fff9568        0x0 load address 0x000267f0
 .igot.plt      0x1fff9568        0x0 c:/program files (x86)/cypress/psoc creator/4.4/psoc creator/import/gnu/arm/5.4.1/bin/../lib/gcc/arm-none-eabi/5.4.1/armv7-m/crtbegin.o

.bss            0x1fff9568     0x28c0 load address 0x000267f0
                0x1fff9568                PROVIDE (__bss_start__, .)
 *(.shbss)
 *(.bss .bss.* .gnu.linkonce.b.*)
 .bss           0x1fff9568       0x1c c:/program files (x86)/cypress/psoc creator/4.4/psoc creator/import/gnu/arm/5.4.1/bin/../lib/gcc/arm-none-eabi/5.4.1/armv7-m/crtbegin.o
 .bss           0x1fff9584     0x2809 .\CortexM3\ARM_GCC_541\Debug\main.o
                0x1fff9584                stateMachine
                0x1fffbd8c                buttonToggle
 .bss           0x1fffbd8d        0x5 .\CortexM3\ARM_GCC_541\Debug\D5-RADAR_Detection.a(WaveDAC8.o)
                0x1fffbd91                WaveDAC8_initVar
 *fill*         0x1fffbd92        0x2 
 .bss           0x1fffbd94       0x18 .\CortexM3\ARM_GCC_541\Debug\D5-RADAR_Detection.a(ADC.o)
                0x1fffbda4                ADC_stopConversion
                0x1fffbda5                ADC_convDone
                0x1fffbda6                ADC_initVar
                0x1fffbda7                ADC_started
                0x1fffbda8                ADC_Offset
 .bss           0x1fffbdac        0x4 .\CortexM3\ARM_GCC_541\Debug\D5-RADAR_Detection.a(UART_LOG.o)
                0x1fffbdac                UART_LOG_initVar
                0x1fffbdad                UART_LOG_txBufferRead
                0x1fffbdae                UART_LOG_txBufferWrite
 .bss.__malloc_sbrk_start
                0x1fffbdb0        0x4 c:/program files (x86)/cypress/psoc creator/4.4/psoc creator/import/gnu/arm/5.4.1/bin/../lib/gcc/arm-none-eabi/5.4.1/../../../../arm-none-eabi/lib/armv7-m\libg_nano.a(lib_a-nano-mallocr.o)
                0x1fffbdb0                __malloc_sbrk_start
 .bss.__malloc_free_list
                0x1fffbdb4        0x4 c:/program files (x86)/cypress/psoc creator/4.4/psoc creator/import/gnu/arm/5.4.1/bin/../lib/gcc/arm-none-eabi/5.4.1/../../../../arm-none-eabi/lib/armv7-m\libg_nano.a(lib_a-nano-mallocr.o)
                0x1fffbdb4                __malloc_free_list
 *(COMMON)
 COMMON         0x1fffbdb8        0x4 .\CortexM3\ARM_GCC_541\Debug\D5-RADAR_Detection.a(ADC.o)
                0x1fffbdb8                ADC_CountsPerVolt
 COMMON         0x1fffbdbc       0x64 .\CortexM3\ARM_GCC_541\Debug\D5-RADAR_Detection.a(UART_LOG.o)
                0x1fffbdbc                UART_LOG_txBuffer
 COMMON         0x1fffbe20        0x4 c:/program files (x86)/cypress/psoc creator/4.4/psoc creator/import/gnu/arm/5.4.1/bin/../lib/gcc/arm-none-eabi/5.4.1/../../../../arm-none-eabi/lib/armv7-m\libg_nano.a(lib_a-reent.o)
                0x1fffbe20                errno
                0x1fffbe28                . = ALIGN (0x8)
 *fill*         0x1fffbe24        0x4 
 *(.ram.b)
                0x1fffbe28                _end = .
                0x1fffbe28                __end = .
                0x1fffbe28                PROVIDE (end, .)
                0x1fffbe28                PROVIDE (__bss_end__, .)
                0x00025350                __cy_region_init_ram = LOADADDR (.data)
                0x000014a0                __cy_region_init_size_ram = (_edata - ADDR (.data))
                0x000028c0                __cy_region_zero_size_ram = (_end - _edata)

.heap           0x1fffbe28     0x2000 load address 0x000267f0
                0x1fffbe28                . = _end
                0x1fffde28                . = (. + 0x2000)
 *fill*         0x1fffbe28     0x2000 
                0x1fffde28                __cy_heap_limit = .

.stack          0x20007800      0x800
                0x20007800                __cy_stack_limit = .
                0x20008000                . = (. + 0x800)
 *fill*         0x20007800      0x800 
                0x00000001                ASSERT ((__cy_stack_limit >= __cy_heap_limit), region RAM overflowed with stack)
                0x00000000                cy_checksum_exclude_size = (CY_APPL_LOADABLE == 0x1)?SIZEOF (.cy_checksum_exclude):0x0
                0x00000001                ASSERT ((cy_checksum_exclude_size <= CY_CHECKSUM_EXCLUDE_SIZE), CY_BOOT: Section .cy_checksum_exclude size exceedes specified limit.)

.cyloadermeta
 *(.cyloadermeta)

.cyloadablemeta
 *(.cyloadablemeta)

.cyconfigecc    0x80000000      0x484
 *(.cyconfigecc)
 .cyconfigecc   0x80000000      0x484 .\CortexM3\ARM_GCC_541\Debug\cymetadata.o
                0x80000000                cy_meta_configecc

.cycustnvl      0x90000000        0x4
 *(.cycustnvl)
 .cycustnvl     0x90000000        0x4 .\CortexM3\ARM_GCC_541\Debug\cymetadata.o
                0x90000000                cy_meta_custnvl

.cywolatch      0x90100000        0x4
 *(.cywolatch)
 .cywolatch     0x90100000        0x4 .\CortexM3\ARM_GCC_541\Debug\cymetadata.o
                0x90100000                cy_meta_wonvl

.cyeeprom       0x90200000        0x0
 *(.cyeeprom)
                0x00000001                ASSERT ((. <= ((0x90200000 + ee_offset) + ee_size)), .cyeeprom data will not fit in EEPROM)

.cyflashprotect
                0x90400000      0x100
 *(.cyflashprotect)
 .cyflashprotect
                0x90400000      0x100 .\CortexM3\ARM_GCC_541\Debug\cymetadata.o
                0x90400000                cy_meta_flashprotect

.cymeta         0x90500000        0xc
 *(.cymeta)
 .cymeta        0x90500000        0xc .\CortexM3\ARM_GCC_541\Debug\cymetadata.o
                0x90500000                cy_metadata

.rel.dyn        0x000267f0        0x0 load address 0x9050000c
 .rel.iplt      0x000267f0        0x0 c:/program files (x86)/cypress/psoc creator/4.4/psoc creator/import/gnu/arm/5.4.1/bin/../lib/gcc/arm-none-eabi/5.4.1/armv7-m/crtbegin.o

.stab
 *(.stab)

.stabstr
 *(.stabstr)

.debug
 *(.debug)

.line
 *(.line)

.debug_srcinfo
 *(.debug_srcinfo)

.debug_sfnames
 *(.debug_sfnames)

.debug_aranges  0x00000000      0xea8
 *(.debug_aranges)
 .debug_aranges
                0x00000000       0x20 .\CortexM3\ARM_GCC_541\Debug\main.o
 .debug_aranges
                0x00000020       0x30 .\CortexM3\ARM_GCC_541\Debug\state_machine.o
 .debug_aranges
                0x00000050       0x28 .\CortexM3\ARM_GCC_541\Debug\cfar.o
 .debug_aranges
                0x00000078       0x20 .\CortexM3\ARM_GCC_541\Debug\hardware_init.o
 .debug_aranges
                0x00000098       0x20 .\CortexM3\ARM_GCC_541\Debug\interrupt_handlers.o
 .debug_aranges
                0x000000b8       0x68 .\CortexM3\ARM_GCC_541\Debug\cyfitter_cfg.o
 .debug_aranges
                0x00000120       0x18 .\CortexM3\ARM_GCC_541\Debug\cymetadata.o
 .debug_aranges
                0x00000138       0x48 .\CortexM3\ARM_GCC_541\Debug\Cm3Start.o
 .debug_aranges
                0x00000180       0x50 .\CortexM3\ARM_GCC_541\Debug\D5-RADAR_Detection.a(WaveDAC8.o)
 .debug_aranges
                0x000001d0       0xe8 .\CortexM3\ARM_GCC_541\Debug\D5-RADAR_Detection.a(ADC.o)
 .debug_aranges
                0x000002b8       0x38 .\CortexM3\ARM_GCC_541\Debug\D5-RADAR_Detection.a(ADC_INT.o)
 .debug_aranges
                0x000002f0       0xf0 .\CortexM3\ARM_GCC_541\Debug\D5-RADAR_Detection.a(UART_LOG.o)
 .debug_aranges
                0x000003e0       0x20 .\CortexM3\ARM_GCC_541\Debug\D5-RADAR_Detection.a(UART_LOG_INT.o)
 .debug_aranges
                0x00000400       0x80 .\CortexM3\ARM_GCC_541\Debug\D5-RADAR_Detection.a(ISR_UART.o)
 .debug_aranges
                0x00000480       0x38 .\CortexM3\ARM_GCC_541\Debug\D5-RADAR_Detection.a(Green_LED.o)
 .debug_aranges
                0x000004b8       0x38 .\CortexM3\ARM_GCC_541\Debug\D5-RADAR_Detection.a(Yellow_LED.o)
 .debug_aranges
                0x000004f0       0x38 .\CortexM3\ARM_GCC_541\Debug\D5-RADAR_Detection.a(Red_LED.o)
 .debug_aranges
                0x00000528       0x48 .\CortexM3\ARM_GCC_541\Debug\D5-RADAR_Detection.a(Push_button.o)
 .debug_aranges
                0x00000570       0x70 .\CortexM3\ARM_GCC_541\Debug\D5-RADAR_Detection.a(WaveDAC8_DacClk.o)
 .debug_aranges
                0x000005e0       0x28 .\CortexM3\ARM_GCC_541\Debug\D5-RADAR_Detection.a(WaveDAC8_Wave1_DMA_dma.o)
 .debug_aranges
                0x00000608       0x28 .\CortexM3\ARM_GCC_541\Debug\D5-RADAR_Detection.a(WaveDAC8_Wave2_DMA_dma.o)
 .debug_aranges
                0x00000630       0x58 .\CortexM3\ARM_GCC_541\Debug\D5-RADAR_Detection.a(WaveDAC8_VDAC8.o)
 .debug_aranges
                0x00000688       0x30 .\CortexM3\ARM_GCC_541\Debug\D5-RADAR_Detection.a(ADC_AMux.o)
 .debug_aranges
                0x000006b8       0x70 .\CortexM3\ARM_GCC_541\Debug\D5-RADAR_Detection.a(ADC_Ext_CP_Clk.o)
 .debug_aranges
                0x00000728       0x80 .\CortexM3\ARM_GCC_541\Debug\D5-RADAR_Detection.a(ADC_theACLK.o)
 .debug_aranges
                0x000007a8       0x70 .\CortexM3\ARM_GCC_541\Debug\D5-RADAR_Detection.a(UART_LOG_IntClock.o)
 .debug_aranges
                0x00000818       0xd8 .\CortexM3\ARM_GCC_541\Debug\D5-RADAR_Detection.a(CyDmac.o)
 .debug_aranges
                0x000008f0      0x2a0 .\CortexM3\ARM_GCC_541\Debug\D5-RADAR_Detection.a(CyLib.o)
 .debug_aranges
                0x00000b90       0x98 .\CortexM3\ARM_GCC_541\Debug\D5-RADAR_Detection.a(cyPm.o)
 .debug_aranges
                0x00000c28       0x38 .\CortexM3\ARM_GCC_541\Debug\D5-RADAR_Detection.a(User_LED.o)
 .debug_aranges
                0x00000c60       0x20 .\CortexM3\ARM_GCC_541\Debug\D5-RADAR_Detection.a(CyBootAsmGnu.o)
 .debug_aranges
                0x00000c80       0x88 .\CortexM3\ARM_GCC_541\Debug\D5-RADAR_Detection.a(CyFlash.o)
 .debug_aranges
                0x00000d08       0x80 .\CortexM3\ARM_GCC_541\Debug\D5-RADAR_Detection.a(CySpc.o)
 .debug_aranges
                0x00000d88       0x20 .\sources\bsw\fft_application\libfft_application.a(fft_application.o)
 .debug_aranges
                0x00000da8       0x30 .\sources\bsw\fft_application\libfft_application.a(arm_rfft_q31.o)
 .debug_aranges
                0x00000dd8       0x20 .\sources\bsw\fft_application\libfft_application.a(arm_rfft_init_q31.o)
 .debug_aranges
                0x00000df8       0x30 .\sources\bsw\fft_application\libfft_application.a(arm_cfft_q31.o)
 .debug_aranges
                0x00000e28       0x30 .\sources\bsw\fft_application\libfft_application.a(arm_cfft_radix4_q31.o)
 .debug_aranges
                0x00000e58       0x18 .\sources\bsw\fft_application\libfft_application.a(arm_const_structs.o)
 .debug_aranges
                0x00000e70       0x20 .\sources\bsw\fft_application\libfft_application.a(arm_bitreversal2.o)
 .debug_aranges
                0x00000e90       0x18 .\sources\bsw\fft_application\libfft_application.a(arm_common_tables.o)

.debug_pubnames
 *(.debug_pubnames)

.debug_info     0x00000000     0xb09b
 *(.debug_info .gnu.linkonce.wi.*)
 .debug_info    0x00000000      0x33c .\CortexM3\ARM_GCC_541\Debug\main.o
 .debug_info    0x0000033c      0x52f .\CortexM3\ARM_GCC_541\Debug\state_machine.o
 .debug_info    0x0000086b      0x34c .\CortexM3\ARM_GCC_541\Debug\cfar.o
 .debug_info    0x00000bb7      0x15e .\CortexM3\ARM_GCC_541\Debug\hardware_init.o
 .debug_info    0x00000d15      0x1db .\CortexM3\ARM_GCC_541\Debug\interrupt_handlers.o
 .debug_info    0x00000ef0      0x61e .\CortexM3\ARM_GCC_541\Debug\cyfitter_cfg.o
 .debug_info    0x0000150e      0x136 .\CortexM3\ARM_GCC_541\Debug\cymetadata.o
 .debug_info    0x00001644      0x3cf .\CortexM3\ARM_GCC_541\Debug\Cm3Start.o
 .debug_info    0x00001a13      0x519 .\CortexM3\ARM_GCC_541\Debug\D5-RADAR_Detection.a(WaveDAC8.o)
 .debug_info    0x00001f2c      0xbed .\CortexM3\ARM_GCC_541\Debug\D5-RADAR_Detection.a(ADC.o)
 .debug_info    0x00002b19       0xd3 .\CortexM3\ARM_GCC_541\Debug\D5-RADAR_Detection.a(ADC_INT.o)
 .debug_info    0x00002bec      0x6d1 .\CortexM3\ARM_GCC_541\Debug\D5-RADAR_Detection.a(UART_LOG.o)
 .debug_info    0x000032bd       0xf6 .\CortexM3\ARM_GCC_541\Debug\D5-RADAR_Detection.a(UART_LOG_INT.o)
 .debug_info    0x000033b3      0x2d2 .\CortexM3\ARM_GCC_541\Debug\D5-RADAR_Detection.a(ISR_UART.o)
 .debug_info    0x00003685      0x11f .\CortexM3\ARM_GCC_541\Debug\D5-RADAR_Detection.a(Green_LED.o)
 .debug_info    0x000037a4      0x11f .\CortexM3\ARM_GCC_541\Debug\D5-RADAR_Detection.a(Yellow_LED.o)
 .debug_info    0x000038c3      0x11f .\CortexM3\ARM_GCC_541\Debug\D5-RADAR_Detection.a(Red_LED.o)
 .debug_info    0x000039e2      0x174 .\CortexM3\ARM_GCC_541\Debug\D5-RADAR_Detection.a(Push_button.o)
 .debug_info    0x00003b56      0x283 .\CortexM3\ARM_GCC_541\Debug\D5-RADAR_Detection.a(WaveDAC8_DacClk.o)
 .debug_info    0x00003dd9      0x1aa .\CortexM3\ARM_GCC_541\Debug\D5-RADAR_Detection.a(WaveDAC8_Wave1_DMA_dma.o)
 .debug_info    0x00003f83      0x1a7 .\CortexM3\ARM_GCC_541\Debug\D5-RADAR_Detection.a(WaveDAC8_Wave2_DMA_dma.o)
 .debug_info    0x0000412a      0x1de .\CortexM3\ARM_GCC_541\Debug\D5-RADAR_Detection.a(WaveDAC8_VDAC8.o)
 .debug_info    0x00004308      0x165 .\CortexM3\ARM_GCC_541\Debug\D5-RADAR_Detection.a(ADC_AMux.o)
 .debug_info    0x0000446d      0x283 .\CortexM3\ARM_GCC_541\Debug\D5-RADAR_Detection.a(ADC_Ext_CP_Clk.o)
 .debug_info    0x000046f0      0x2c4 .\CortexM3\ARM_GCC_541\Debug\D5-RADAR_Detection.a(ADC_theACLK.o)
 .debug_info    0x000049b4      0x283 .\CortexM3\ARM_GCC_541\Debug\D5-RADAR_Detection.a(UART_LOG_IntClock.o)
 .debug_info    0x00004c37      0x94e .\CortexM3\ARM_GCC_541\Debug\D5-RADAR_Detection.a(CyDmac.o)
 .debug_info    0x00005585     0x1374 .\CortexM3\ARM_GCC_541\Debug\D5-RADAR_Detection.a(CyLib.o)
 .debug_info    0x000068f9      0xa2a .\CortexM3\ARM_GCC_541\Debug\D5-RADAR_Detection.a(cyPm.o)
 .debug_info    0x00007323      0x11f .\CortexM3\ARM_GCC_541\Debug\D5-RADAR_Detection.a(User_LED.o)
 .debug_info    0x00007442       0xce .\CortexM3\ARM_GCC_541\Debug\D5-RADAR_Detection.a(CyBootAsmGnu.o)
 .debug_info    0x00007510      0x64d .\CortexM3\ARM_GCC_541\Debug\D5-RADAR_Detection.a(CyFlash.o)
 .debug_info    0x00007b5d      0x550 .\CortexM3\ARM_GCC_541\Debug\D5-RADAR_Detection.a(CySpc.o)
 .debug_info    0x000080ad      0x36c .\sources\bsw\fft_application\libfft_application.a(fft_application.o)
 .debug_info    0x00008419      0x4f7 .\sources\bsw\fft_application\libfft_application.a(arm_rfft_q31.o)
 .debug_info    0x00008910      0x327 .\sources\bsw\fft_application\libfft_application.a(arm_rfft_init_q31.o)
 .debug_info    0x00008c37      0x4a3 .\sources\bsw\fft_application\libfft_application.a(arm_cfft_q31.o)
 .debug_info    0x000090da      0x815 .\sources\bsw\fft_application\libfft_application.a(arm_cfft_radix4_q31.o)
 .debug_info    0x000098ef      0xd8a .\sources\bsw\fft_application\libfft_application.a(arm_const_structs.o)
 .debug_info    0x0000a679       0xac .\sources\bsw\fft_application\libfft_application.a(arm_bitreversal2.o)
 .debug_info    0x0000a725      0x976 .\sources\bsw\fft_application\libfft_application.a(arm_common_tables.o)

.debug_abbrev   0x00000000     0x2c5a
 *(.debug_abbrev)
 .debug_abbrev  0x00000000      0x130 .\CortexM3\ARM_GCC_541\Debug\main.o
 .debug_abbrev  0x00000130      0x177 .\CortexM3\ARM_GCC_541\Debug\state_machine.o
 .debug_abbrev  0x000002a7      0x1b9 .\CortexM3\ARM_GCC_541\Debug\cfar.o
 .debug_abbrev  0x00000460       0xa9 .\CortexM3\ARM_GCC_541\Debug\hardware_init.o
 .debug_abbrev  0x00000509      0x107 .\CortexM3\ARM_GCC_541\Debug\interrupt_handlers.o
 .debug_abbrev  0x00000610      0x21e .\CortexM3\ARM_GCC_541\Debug\cyfitter_cfg.o
 .debug_abbrev  0x0000082e       0x77 .\CortexM3\ARM_GCC_541\Debug\cymetadata.o
 .debug_abbrev  0x000008a5      0x1e8 .\CortexM3\ARM_GCC_541\Debug\Cm3Start.o
 .debug_abbrev  0x00000a8d      0x114 .\CortexM3\ARM_GCC_541\Debug\D5-RADAR_Detection.a(WaveDAC8.o)
 .debug_abbrev  0x00000ba1      0x1eb .\CortexM3\ARM_GCC_541\Debug\D5-RADAR_Detection.a(ADC.o)
 .debug_abbrev  0x00000d8c       0x42 .\CortexM3\ARM_GCC_541\Debug\D5-RADAR_Detection.a(ADC_INT.o)
 .debug_abbrev  0x00000dce      0x16f .\CortexM3\ARM_GCC_541\Debug\D5-RADAR_Detection.a(UART_LOG.o)
 .debug_abbrev  0x00000f3d       0x79 .\CortexM3\ARM_GCC_541\Debug\D5-RADAR_Detection.a(UART_LOG_INT.o)
 .debug_abbrev  0x00000fb6      0x173 .\CortexM3\ARM_GCC_541\Debug\D5-RADAR_Detection.a(ISR_UART.o)
 .debug_abbrev  0x00001129       0x90 .\CortexM3\ARM_GCC_541\Debug\D5-RADAR_Detection.a(Green_LED.o)
 .debug_abbrev  0x000011b9       0x90 .\CortexM3\ARM_GCC_541\Debug\D5-RADAR_Detection.a(Yellow_LED.o)
 .debug_abbrev  0x00001249       0x90 .\CortexM3\ARM_GCC_541\Debug\D5-RADAR_Detection.a(Red_LED.o)
 .debug_abbrev  0x000012d9       0x90 .\CortexM3\ARM_GCC_541\Debug\D5-RADAR_Detection.a(Push_button.o)
 .debug_abbrev  0x00001369      0x139 .\CortexM3\ARM_GCC_541\Debug\D5-RADAR_Detection.a(WaveDAC8_DacClk.o)
 .debug_abbrev  0x000014a2       0xcd .\CortexM3\ARM_GCC_541\Debug\D5-RADAR_Detection.a(WaveDAC8_Wave1_DMA_dma.o)
 .debug_abbrev  0x0000156f       0xcd .\CortexM3\ARM_GCC_541\Debug\D5-RADAR_Detection.a(WaveDAC8_Wave2_DMA_dma.o)
 .debug_abbrev  0x0000163c       0xf7 .\CortexM3\ARM_GCC_541\Debug\D5-RADAR_Detection.a(WaveDAC8_VDAC8.o)
 .debug_abbrev  0x00001733       0xb1 .\CortexM3\ARM_GCC_541\Debug\D5-RADAR_Detection.a(ADC_AMux.o)
 .debug_abbrev  0x000017e4      0x139 .\CortexM3\ARM_GCC_541\Debug\D5-RADAR_Detection.a(ADC_Ext_CP_Clk.o)
 .debug_abbrev  0x0000191d      0x121 .\CortexM3\ARM_GCC_541\Debug\D5-RADAR_Detection.a(ADC_theACLK.o)
 .debug_abbrev  0x00001a3e      0x139 .\CortexM3\ARM_GCC_541\Debug\D5-RADAR_Detection.a(UART_LOG_IntClock.o)
 .debug_abbrev  0x00001b77      0x1b2 .\CortexM3\ARM_GCC_541\Debug\D5-RADAR_Detection.a(CyDmac.o)
 .debug_abbrev  0x00001d29      0x254 .\CortexM3\ARM_GCC_541\Debug\D5-RADAR_Detection.a(CyLib.o)
 .debug_abbrev  0x00001f7d      0x1ab .\CortexM3\ARM_GCC_541\Debug\D5-RADAR_Detection.a(cyPm.o)
 .debug_abbrev  0x00002128       0x90 .\CortexM3\ARM_GCC_541\Debug\D5-RADAR_Detection.a(User_LED.o)
 .debug_abbrev  0x000021b8       0x14 .\CortexM3\ARM_GCC_541\Debug\D5-RADAR_Detection.a(CyBootAsmGnu.o)
 .debug_abbrev  0x000021cc      0x1a7 .\CortexM3\ARM_GCC_541\Debug\D5-RADAR_Detection.a(CyFlash.o)
 .debug_abbrev  0x00002373      0x194 .\CortexM3\ARM_GCC_541\Debug\D5-RADAR_Detection.a(CySpc.o)
 .debug_abbrev  0x00002507      0x15d .\sources\bsw\fft_application\libfft_application.a(fft_application.o)
 .debug_abbrev  0x00002664      0x128 .\sources\bsw\fft_application\libfft_application.a(arm_rfft_q31.o)
 .debug_abbrev  0x0000278c      0x12e .\sources\bsw\fft_application\libfft_application.a(arm_rfft_init_q31.o)
 .debug_abbrev  0x000028ba       0xfb .\sources\bsw\fft_application\libfft_application.a(arm_cfft_q31.o)
 .debug_abbrev  0x000029b5      0x142 .\sources\bsw\fft_application\libfft_application.a(arm_cfft_radix4_q31.o)
 .debug_abbrev  0x00002af7       0xcb .\sources\bsw\fft_application\libfft_application.a(arm_const_structs.o)
 .debug_abbrev  0x00002bc2       0x14 .\sources\bsw\fft_application\libfft_application.a(arm_bitreversal2.o)
 .debug_abbrev  0x00002bd6       0x84 .\sources\bsw\fft_application\libfft_application.a(arm_common_tables.o)

.debug_line     0x00000000     0x4de0
 *(.debug_line)
 .debug_line    0x00000000      0x1d7 .\CortexM3\ARM_GCC_541\Debug\main.o
 .debug_line    0x000001d7      0x2c1 .\CortexM3\ARM_GCC_541\Debug\state_machine.o
 .debug_line    0x00000498      0x2a3 .\CortexM3\ARM_GCC_541\Debug\cfar.o
 .debug_line    0x0000073b      0x1c4 .\CortexM3\ARM_GCC_541\Debug\hardware_init.o
 .debug_line    0x000008ff      0x1cb .\CortexM3\ARM_GCC_541\Debug\interrupt_handlers.o
 .debug_line    0x00000aca      0x20c .\CortexM3\ARM_GCC_541\Debug\cyfitter_cfg.o
 .debug_line    0x00000cd6      0x141 .\CortexM3\ARM_GCC_541\Debug\cymetadata.o
 .debug_line    0x00000e17      0x241 .\CortexM3\ARM_GCC_541\Debug\Cm3Start.o
 .debug_line    0x00001058      0x156 .\CortexM3\ARM_GCC_541\Debug\D5-RADAR_Detection.a(WaveDAC8.o)
 .debug_line    0x000011ae      0x3c1 .\CortexM3\ARM_GCC_541\Debug\D5-RADAR_Detection.a(ADC.o)
 .debug_line    0x0000156f       0x80 .\CortexM3\ARM_GCC_541\Debug\D5-RADAR_Detection.a(ADC_INT.o)
 .debug_line    0x000015ef      0x2fd .\CortexM3\ARM_GCC_541\Debug\D5-RADAR_Detection.a(UART_LOG.o)
 .debug_line    0x000018ec       0x85 .\CortexM3\ARM_GCC_541\Debug\D5-RADAR_Detection.a(UART_LOG_INT.o)
 .debug_line    0x00001971      0x135 .\CortexM3\ARM_GCC_541\Debug\D5-RADAR_Detection.a(ISR_UART.o)
 .debug_line    0x00001aa6       0x96 .\CortexM3\ARM_GCC_541\Debug\D5-RADAR_Detection.a(Green_LED.o)
 .debug_line    0x00001b3c       0x97 .\CortexM3\ARM_GCC_541\Debug\D5-RADAR_Detection.a(Yellow_LED.o)
 .debug_line    0x00001bd3       0x94 .\CortexM3\ARM_GCC_541\Debug\D5-RADAR_Detection.a(Red_LED.o)
 .debug_line    0x00001c67       0xbc .\CortexM3\ARM_GCC_541\Debug\D5-RADAR_Detection.a(Push_button.o)
 .debug_line    0x00001d23      0x17e .\CortexM3\ARM_GCC_541\Debug\D5-RADAR_Detection.a(WaveDAC8_DacClk.o)
 .debug_line    0x00001ea1       0x8f .\CortexM3\ARM_GCC_541\Debug\D5-RADAR_Detection.a(WaveDAC8_Wave1_DMA_dma.o)
 .debug_line    0x00001f30       0x8f .\CortexM3\ARM_GCC_541\Debug\D5-RADAR_Detection.a(WaveDAC8_Wave2_DMA_dma.o)
 .debug_line    0x00001fbf       0xea .\CortexM3\ARM_GCC_541\Debug\D5-RADAR_Detection.a(WaveDAC8_VDAC8.o)
 .debug_line    0x000020a9       0xac .\CortexM3\ARM_GCC_541\Debug\D5-RADAR_Detection.a(ADC_AMux.o)
 .debug_line    0x00002155      0x17d .\CortexM3\ARM_GCC_541\Debug\D5-RADAR_Detection.a(ADC_Ext_CP_Clk.o)
 .debug_line    0x000022d2      0x19d .\CortexM3\ARM_GCC_541\Debug\D5-RADAR_Detection.a(ADC_theACLK.o)
 .debug_line    0x0000246f      0x180 .\CortexM3\ARM_GCC_541\Debug\D5-RADAR_Detection.a(UART_LOG_IntClock.o)
 .debug_line    0x000025ef      0x2e4 .\CortexM3\ARM_GCC_541\Debug\D5-RADAR_Detection.a(CyDmac.o)
 .debug_line    0x000028d3      0x816 .\CortexM3\ARM_GCC_541\Debug\D5-RADAR_Detection.a(CyLib.o)
 .debug_line    0x000030e9      0x367 .\CortexM3\ARM_GCC_541\Debug\D5-RADAR_Detection.a(cyPm.o)
 .debug_line    0x00003450       0x95 .\CortexM3\ARM_GCC_541\Debug\D5-RADAR_Detection.a(User_LED.o)
 .debug_line    0x000034e5       0x66 .\CortexM3\ARM_GCC_541\Debug\D5-RADAR_Detection.a(CyBootAsmGnu.o)
 .debug_line    0x0000354b      0x21a .\CortexM3\ARM_GCC_541\Debug\D5-RADAR_Detection.a(CyFlash.o)
 .debug_line    0x00003765      0x260 .\CortexM3\ARM_GCC_541\Debug\D5-RADAR_Detection.a(CySpc.o)
 .debug_line    0x000039c5      0x22f .\sources\bsw\fft_application\libfft_application.a(fft_application.o)
 .debug_line    0x00003bf4      0x1ff .\sources\bsw\fft_application\libfft_application.a(arm_rfft_q31.o)
 .debug_line    0x00003df3      0x1dd .\sources\bsw\fft_application\libfft_application.a(arm_rfft_init_q31.o)
 .debug_line    0x00003fd0      0x2f5 .\sources\bsw\fft_application\libfft_application.a(arm_cfft_q31.o)
 .debug_line    0x000042c5      0x792 .\sources\bsw\fft_application\libfft_application.a(arm_cfft_radix4_q31.o)
 .debug_line    0x00004a57      0x17c .\sources\bsw\fft_application\libfft_application.a(arm_const_structs.o)
 .debug_line    0x00004bd3       0xa8 .\sources\bsw\fft_application\libfft_application.a(arm_bitreversal2.o)
 .debug_line    0x00004c7b      0x165 .\sources\bsw\fft_application\libfft_application.a(arm_common_tables.o)

.debug_frame    0x00000000     0x25f0
 *(.debug_frame)
 .debug_frame   0x00000000       0x2c .\CortexM3\ARM_GCC_541\Debug\main.o
 .debug_frame   0x0000002c       0x74 .\CortexM3\ARM_GCC_541\Debug\state_machine.o
 .debug_frame   0x000000a0       0x74 .\CortexM3\ARM_GCC_541\Debug\cfar.o
 .debug_frame   0x00000114       0x2c .\CortexM3\ARM_GCC_541\Debug\hardware_init.o
 .debug_frame   0x00000140       0x2c .\CortexM3\ARM_GCC_541\Debug\interrupt_handlers.o
 .debug_frame   0x0000016c      0x104 .\CortexM3\ARM_GCC_541\Debug\cyfitter_cfg.o
 .debug_frame   0x00000270       0xb8 .\CortexM3\ARM_GCC_541\Debug\Cm3Start.o
 .debug_frame   0x00000328       0xe0 .\CortexM3\ARM_GCC_541\Debug\D5-RADAR_Detection.a(WaveDAC8.o)
 .debug_frame   0x00000408      0x284 .\CortexM3\ARM_GCC_541\Debug\D5-RADAR_Detection.a(ADC.o)
 .debug_frame   0x0000068c       0x50 .\CortexM3\ARM_GCC_541\Debug\D5-RADAR_Detection.a(ADC_INT.o)
 .debug_frame   0x000006dc      0x25c .\CortexM3\ARM_GCC_541\Debug\D5-RADAR_Detection.a(UART_LOG.o)
 .debug_frame   0x00000938       0x20 .\CortexM3\ARM_GCC_541\Debug\D5-RADAR_Detection.a(UART_LOG_INT.o)
 .debug_frame   0x00000958      0x104 .\CortexM3\ARM_GCC_541\Debug\D5-RADAR_Detection.a(ISR_UART.o)
 .debug_frame   0x00000a5c       0x50 .\CortexM3\ARM_GCC_541\Debug\D5-RADAR_Detection.a(Green_LED.o)
 .debug_frame   0x00000aac       0x50 .\CortexM3\ARM_GCC_541\Debug\D5-RADAR_Detection.a(Yellow_LED.o)
 .debug_frame   0x00000afc       0x50 .\CortexM3\ARM_GCC_541\Debug\D5-RADAR_Detection.a(Red_LED.o)
 .debug_frame   0x00000b4c       0x70 .\CortexM3\ARM_GCC_541\Debug\D5-RADAR_Detection.a(Push_button.o)
 .debug_frame   0x00000bbc       0xe0 .\CortexM3\ARM_GCC_541\Debug\D5-RADAR_Detection.a(WaveDAC8_DacClk.o)
 .debug_frame   0x00000c9c       0x54 .\CortexM3\ARM_GCC_541\Debug\D5-RADAR_Detection.a(WaveDAC8_Wave1_DMA_dma.o)
 .debug_frame   0x00000cf0       0x54 .\CortexM3\ARM_GCC_541\Debug\D5-RADAR_Detection.a(WaveDAC8_Wave2_DMA_dma.o)
 .debug_frame   0x00000d44       0xb4 .\CortexM3\ARM_GCC_541\Debug\D5-RADAR_Detection.a(WaveDAC8_VDAC8.o)
 .debug_frame   0x00000df8       0x64 .\CortexM3\ARM_GCC_541\Debug\D5-RADAR_Detection.a(ADC_AMux.o)
 .debug_frame   0x00000e5c       0xe0 .\CortexM3\ARM_GCC_541\Debug\D5-RADAR_Detection.a(ADC_Ext_CP_Clk.o)
 .debug_frame   0x00000f3c      0x100 .\CortexM3\ARM_GCC_541\Debug\D5-RADAR_Detection.a(ADC_theACLK.o)
 .debug_frame   0x0000103c       0xe0 .\CortexM3\ARM_GCC_541\Debug\D5-RADAR_Detection.a(UART_LOG_IntClock.o)
 .debug_frame   0x0000111c      0x1f8 .\CortexM3\ARM_GCC_541\Debug\D5-RADAR_Detection.a(CyDmac.o)
 .debug_frame   0x00001314      0x738 .\CortexM3\ARM_GCC_541\Debug\D5-RADAR_Detection.a(CyLib.o)
 .debug_frame   0x00001a4c      0x1f8 .\CortexM3\ARM_GCC_541\Debug\D5-RADAR_Detection.a(cyPm.o)
 .debug_frame   0x00001c44       0x50 .\CortexM3\ARM_GCC_541\Debug\D5-RADAR_Detection.a(User_LED.o)
 .debug_frame   0x00001c94      0x194 .\CortexM3\ARM_GCC_541\Debug\D5-RADAR_Detection.a(CyFlash.o)
 .debug_frame   0x00001e28      0x180 .\CortexM3\ARM_GCC_541\Debug\D5-RADAR_Detection.a(CySpc.o)
 .debug_frame   0x00001fa8       0x38 .\sources\bsw\fft_application\libfft_application.a(fft_application.o)
 .debug_frame   0x00001fe0       0xac .\sources\bsw\fft_application\libfft_application.a(arm_rfft_q31.o)
 .debug_frame   0x0000208c       0x2c .\sources\bsw\fft_application\libfft_application.a(arm_rfft_init_q31.o)
 .debug_frame   0x000020b8       0xa0 .\sources\bsw\fft_application\libfft_application.a(arm_cfft_q31.o)
 .debug_frame   0x00002158       0xa0 .\sources\bsw\fft_application\libfft_application.a(arm_cfft_radix4_q31.o)
 .debug_frame   0x000021f8       0x4c c:/program files (x86)/cypress/psoc creator/4.4/psoc creator/import/gnu/arm/5.4.1/bin/../lib/gcc/arm-none-eabi/5.4.1/../../../../arm-none-eabi/lib/armv7-m\libm.a(lib_a-w_pow.o)
 .debug_frame   0x00002244       0x68 c:/program files (x86)/cypress/psoc creator/4.4/psoc creator/import/gnu/arm/5.4.1/bin/../lib/gcc/arm-none-eabi/5.4.1/../../../../arm-none-eabi/lib/armv7-m\libm.a(lib_a-e_pow.o)
 .debug_frame   0x000022ac       0x30 c:/program files (x86)/cypress/psoc creator/4.4/psoc creator/import/gnu/arm/5.4.1/bin/../lib/gcc/arm-none-eabi/5.4.1/../../../../arm-none-eabi/lib/armv7-m\libm.a(lib_a-e_sqrt.o)
 .debug_frame   0x000022dc       0x20 c:/program files (x86)/cypress/psoc creator/4.4/psoc creator/import/gnu/arm/5.4.1/bin/../lib/gcc/arm-none-eabi/5.4.1/../../../../arm-none-eabi/lib/armv7-m\libm.a(lib_a-s_fabs.o)
 .debug_frame   0x000022fc       0x20 c:/program files (x86)/cypress/psoc creator/4.4/psoc creator/import/gnu/arm/5.4.1/bin/../lib/gcc/arm-none-eabi/5.4.1/../../../../arm-none-eabi/lib/armv7-m\libm.a(lib_a-s_finite.o)
 .debug_frame   0x0000231c       0x20 c:/program files (x86)/cypress/psoc creator/4.4/psoc creator/import/gnu/arm/5.4.1/bin/../lib/gcc/arm-none-eabi/5.4.1/../../../../arm-none-eabi/lib/armv7-m\libm.a(lib_a-s_matherr.o)
 .debug_frame   0x0000233c       0x20 c:/program files (x86)/cypress/psoc creator/4.4/psoc creator/import/gnu/arm/5.4.1/bin/../lib/gcc/arm-none-eabi/5.4.1/../../../../arm-none-eabi/lib/armv7-m\libm.a(lib_a-s_nan.o)
 .debug_frame   0x0000235c       0x3c c:/program files (x86)/cypress/psoc creator/4.4/psoc creator/import/gnu/arm/5.4.1/bin/../lib/gcc/arm-none-eabi/5.4.1/../../../../arm-none-eabi/lib/armv7-m\libm.a(lib_a-s_rint.o)
 .debug_frame   0x00002398       0x30 c:/program files (x86)/cypress/psoc creator/4.4/psoc creator/import/gnu/arm/5.4.1/bin/../lib/gcc/arm-none-eabi/5.4.1/../../../../arm-none-eabi/lib/armv7-m\libm.a(lib_a-s_scalbn.o)
 .debug_frame   0x000023c8       0x20 c:/program files (x86)/cypress/psoc creator/4.4/psoc creator/import/gnu/arm/5.4.1/bin/../lib/gcc/arm-none-eabi/5.4.1/../../../../arm-none-eabi/lib/armv7-m\libm.a(lib_a-s_copysign.o)
 .debug_frame   0x000023e8       0x20 c:/program files (x86)/cypress/psoc creator/4.4/psoc creator/import/gnu/arm/5.4.1/bin/../lib/gcc/arm-none-eabi/5.4.1/../../../../arm-none-eabi/lib/armv7-m\libg_nano.a(lib_a-errno.o)
 .debug_frame   0x00002408       0x28 c:/program files (x86)/cypress/psoc creator/4.4/psoc creator/import/gnu/arm/5.4.1/bin/../lib/gcc/arm-none-eabi/5.4.1/../../../../arm-none-eabi/lib/armv7-m\libg_nano.a(lib_a-exit.o)
 .debug_frame   0x00002430       0x2c c:/program files (x86)/cypress/psoc creator/4.4/psoc creator/import/gnu/arm/5.4.1/bin/../lib/gcc/arm-none-eabi/5.4.1/../../../../arm-none-eabi/lib/armv7-m\libg_nano.a(lib_a-init.o)
 .debug_frame   0x0000245c       0x30 c:/program files (x86)/cypress/psoc creator/4.4/psoc creator/import/gnu/arm/5.4.1/bin/../lib/gcc/arm-none-eabi/5.4.1/../../../../arm-none-eabi/lib/armv7-m\libg_nano.a(lib_a-malloc.o)
 .debug_frame   0x0000248c       0x28 c:/program files (x86)/cypress/psoc creator/4.4/psoc creator/import/gnu/arm/5.4.1/bin/../lib/gcc/arm-none-eabi/5.4.1/../../../../arm-none-eabi/lib/armv7-m\libg_nano.a(lib_a-memcpy-stub.o)
 .debug_frame   0x000024b4       0x20 c:/program files (x86)/cypress/psoc creator/4.4/psoc creator/import/gnu/arm/5.4.1/bin/../lib/gcc/arm-none-eabi/5.4.1/../../../../arm-none-eabi/lib/armv7-m\libg_nano.a(lib_a-memset.o)
 .debug_frame   0x000024d4       0x38 c:/program files (x86)/cypress/psoc creator/4.4/psoc creator/import/gnu/arm/5.4.1/bin/../lib/gcc/arm-none-eabi/5.4.1/../../../../arm-none-eabi/lib/armv7-m\libg_nano.a(lib_a-nano-freer.o)
 .debug_frame   0x0000250c       0x2c c:/program files (x86)/cypress/psoc creator/4.4/psoc creator/import/gnu/arm/5.4.1/bin/../lib/gcc/arm-none-eabi/5.4.1/../../../../arm-none-eabi/lib/armv7-m\libg_nano.a(lib_a-nano-mallocr.o)
 .debug_frame   0x00002538       0x2c c:/program files (x86)/cypress/psoc creator/4.4/psoc creator/import/gnu/arm/5.4.1/bin/../lib/gcc/arm-none-eabi/5.4.1/../../../../arm-none-eabi/lib/armv7-m\libg_nano.a(lib_a-sbrkr.o)
 .debug_frame   0x00002564       0x30 c:/program files (x86)/cypress/psoc creator/4.4/psoc creator/import/gnu/arm/5.4.1/bin/../lib/gcc/arm-none-eabi/5.4.1/../../../../arm-none-eabi/lib/armv7-m\libg_nano.a(lib_a-mlock.o)
 .debug_frame   0x00002594       0x5c c:/program files (x86)/cypress/psoc creator/4.4/psoc creator/import/gnu/arm/5.4.1/bin/../lib/gcc/arm-none-eabi/5.4.1/../../../../arm-none-eabi/lib/armv7-m\libg_nano.a(lib_a-reent.o)

.debug_str      0x00000000     0x3e26
 *(.debug_str)
 .debug_str     0x00000000      0x335 .\CortexM3\ARM_GCC_541\Debug\main.o
                                0x394 (size before relaxing)
 .debug_str     0x00000335       0xd7 .\CortexM3\ARM_GCC_541\Debug\state_machine.o
                                0x3f7 (size before relaxing)
 .debug_str     0x0000040c       0x4c .\CortexM3\ARM_GCC_541\Debug\cfar.o
                                0x2ba (size before relaxing)
 .debug_str     0x00000458       0x44 .\CortexM3\ARM_GCC_541\Debug\hardware_init.o
                                0x25e (size before relaxing)
 .debug_str     0x0000049c       0x4f .\CortexM3\ARM_GCC_541\Debug\interrupt_handlers.o
                                0x2fc (size before relaxing)
 .debug_str     0x000004eb      0x1c0 .\CortexM3\ARM_GCC_541\Debug\cyfitter_cfg.o
                                0x399 (size before relaxing)
 .debug_str     0x000006ab       0x75 .\CortexM3\ARM_GCC_541\Debug\cymetadata.o
                                0x222 (size before relaxing)
 .debug_str     0x00000720      0x154 .\CortexM3\ARM_GCC_541\Debug\Cm3Start.o
                                0x358 (size before relaxing)
 .debug_str     0x00000874      0x299 .\CortexM3\ARM_GCC_541\Debug\D5-RADAR_Detection.a(WaveDAC8.o)
                                0x475 (size before relaxing)
 .debug_str     0x00000b0d      0x39e .\CortexM3\ARM_GCC_541\Debug\D5-RADAR_Detection.a(ADC.o)
                                0x607 (size before relaxing)
 .debug_str     0x00000eab       0x45 .\CortexM3\ARM_GCC_541\Debug\D5-RADAR_Detection.a(ADC_INT.o)
                                0x1fe (size before relaxing)
 .debug_str     0x00000ef0      0x339 .\CortexM3\ARM_GCC_541\Debug\D5-RADAR_Detection.a(UART_LOG.o)
                                0x5bc (size before relaxing)
 .debug_str     0x00001229       0x35 .\CortexM3\ARM_GCC_541\Debug\D5-RADAR_Detection.a(UART_LOG_INT.o)
                                0x238 (size before relaxing)
 .debug_str     0x0000125e      0x117 .\CortexM3\ARM_GCC_541\Debug\D5-RADAR_Detection.a(ISR_UART.o)
                                0x30e (size before relaxing)
 .debug_str     0x00001375       0x6f .\CortexM3\ARM_GCC_541\Debug\D5-RADAR_Detection.a(Green_LED.o)
                                0x234 (size before relaxing)
 .debug_str     0x000013e4       0x63 .\CortexM3\ARM_GCC_541\Debug\D5-RADAR_Detection.a(Yellow_LED.o)
                                0x239 (size before relaxing)
 .debug_str     0x00001447       0x57 .\CortexM3\ARM_GCC_541\Debug\D5-RADAR_Detection.a(Red_LED.o)
                                0x22a (size before relaxing)
 .debug_str     0x0000149e       0xa9 .\CortexM3\ARM_GCC_541\Debug\D5-RADAR_Detection.a(Push_button.o)
                                0x286 (size before relaxing)
 .debug_str     0x00001547      0x195 .\CortexM3\ARM_GCC_541\Debug\D5-RADAR_Detection.a(WaveDAC8_DacClk.o)
                                0x38c (size before relaxing)
 .debug_str     0x000016dc       0xe8 .\CortexM3\ARM_GCC_541\Debug\D5-RADAR_Detection.a(WaveDAC8_Wave1_DMA_dma.o)
                                0x2de (size before relaxing)
 .debug_str     0x000017c4       0x6b .\CortexM3\ARM_GCC_541\Debug\D5-RADAR_Detection.a(WaveDAC8_Wave2_DMA_dma.o)
                                0x2de (size before relaxing)
 .debug_str     0x0000182f       0x77 .\CortexM3\ARM_GCC_541\Debug\D5-RADAR_Detection.a(WaveDAC8_VDAC8.o)
                                0x2b7 (size before relaxing)
 .debug_str     0x000018a6       0x5f .\CortexM3\ARM_GCC_541\Debug\D5-RADAR_Detection.a(ADC_AMux.o)
                                0x23d (size before relaxing)
 .debug_str     0x00001905      0x12a .\CortexM3\ARM_GCC_541\Debug\D5-RADAR_Detection.a(ADC_Ext_CP_Clk.o)
                                0x380 (size before relaxing)
 .debug_str     0x00001a2f      0x14f .\CortexM3\ARM_GCC_541\Debug\D5-RADAR_Detection.a(ADC_theACLK.o)
                                0x39f (size before relaxing)
 .debug_str     0x00001b7e      0x160 .\CortexM3\ARM_GCC_541\Debug\D5-RADAR_Detection.a(UART_LOG_IntClock.o)
                                0x3a4 (size before relaxing)
 .debug_str     0x00001cde      0x2a1 .\CortexM3\ARM_GCC_541\Debug\D5-RADAR_Detection.a(CyDmac.o)
                                0x588 (size before relaxing)
 .debug_str     0x00001f7f      0x7bb .\CortexM3\ARM_GCC_541\Debug\D5-RADAR_Detection.a(CyLib.o)
                                0xa85 (size before relaxing)
 .debug_str     0x0000273a      0x365 .\CortexM3\ARM_GCC_541\Debug\D5-RADAR_Detection.a(cyPm.o)
                                0x771 (size before relaxing)
 .debug_str     0x00002a9f       0x5b .\CortexM3\ARM_GCC_541\Debug\D5-RADAR_Detection.a(User_LED.o)
                                0x22f (size before relaxing)
 .debug_str     0x00002afa      0x1bb .\CortexM3\ARM_GCC_541\Debug\D5-RADAR_Detection.a(CyFlash.o)
                                0x3fe (size before relaxing)
 .debug_str     0x00002cb5       0xac .\CortexM3\ARM_GCC_541\Debug\D5-RADAR_Detection.a(CySpc.o)
                                0x376 (size before relaxing)
 .debug_str     0x00002d61      0x2bb .\sources\bsw\fft_application\libfft_application.a(fft_application.o)
                                0x3d0 (size before relaxing)
 .debug_str     0x0000301c       0xe6 .\sources\bsw\fft_application\libfft_application.a(arm_rfft_q31.o)
                                0x390 (size before relaxing)
 .debug_str     0x00003102      0x132 .\sources\bsw\fft_application\libfft_application.a(arm_rfft_init_q31.o)
                                0x479 (size before relaxing)
 .debug_str     0x00003234       0xd5 .\sources\bsw\fft_application\libfft_application.a(arm_cfft_q31.o)
                                0x334 (size before relaxing)
 .debug_str     0x00003309      0x104 .\sources\bsw\fft_application\libfft_application.a(arm_cfft_radix4_q31.o)
                                0x37c (size before relaxing)
 .debug_str     0x0000340d      0x987 .\sources\bsw\fft_application\libfft_application.a(arm_const_structs.o)
                                0xd0d (size before relaxing)
 .debug_str     0x00003d94       0x92 .\sources\bsw\fft_application\libfft_application.a(arm_common_tables.o)
                                0x6f2 (size before relaxing)

.debug_loc      0x00000000     0x5d89
 *(.debug_loc)
 .debug_loc     0x00000000       0xd5 .\CortexM3\ARM_GCC_541\Debug\state_machine.o
 .debug_loc     0x000000d5      0x220 .\CortexM3\ARM_GCC_541\Debug\cfar.o
 .debug_loc     0x000002f5      0x219 .\CortexM3\ARM_GCC_541\Debug\cyfitter_cfg.o
 .debug_loc     0x0000050e      0x144 .\CortexM3\ARM_GCC_541\Debug\Cm3Start.o
 .debug_loc     0x00000652      0x11b .\CortexM3\ARM_GCC_541\Debug\D5-RADAR_Detection.a(WaveDAC8.o)
 .debug_loc     0x0000076d      0x681 .\CortexM3\ARM_GCC_541\Debug\D5-RADAR_Detection.a(ADC.o)
 .debug_loc     0x00000dee      0x276 .\CortexM3\ARM_GCC_541\Debug\D5-RADAR_Detection.a(UART_LOG.o)
 .debug_loc     0x00001064       0x56 .\CortexM3\ARM_GCC_541\Debug\D5-RADAR_Detection.a(ISR_UART.o)
 .debug_loc     0x000010ba       0x42 .\CortexM3\ARM_GCC_541\Debug\D5-RADAR_Detection.a(Green_LED.o)
 .debug_loc     0x000010fc       0x42 .\CortexM3\ARM_GCC_541\Debug\D5-RADAR_Detection.a(Yellow_LED.o)
 .debug_loc     0x0000113e       0x42 .\CortexM3\ARM_GCC_541\Debug\D5-RADAR_Detection.a(Red_LED.o)
 .debug_loc     0x00001180       0x84 .\CortexM3\ARM_GCC_541\Debug\D5-RADAR_Detection.a(Push_button.o)
 .debug_loc     0x00001204      0x128 .\CortexM3\ARM_GCC_541\Debug\D5-RADAR_Detection.a(WaveDAC8_DacClk.o)
 .debug_loc     0x0000132c       0x84 .\CortexM3\ARM_GCC_541\Debug\D5-RADAR_Detection.a(WaveDAC8_Wave1_DMA_dma.o)
 .debug_loc     0x000013b0       0x84 .\CortexM3\ARM_GCC_541\Debug\D5-RADAR_Detection.a(WaveDAC8_Wave2_DMA_dma.o)
 .debug_loc     0x00001434       0x79 .\CortexM3\ARM_GCC_541\Debug\D5-RADAR_Detection.a(WaveDAC8_VDAC8.o)
 .debug_loc     0x000014ad       0x6c .\CortexM3\ARM_GCC_541\Debug\D5-RADAR_Detection.a(ADC_AMux.o)
 .debug_loc     0x00001519      0x12c .\CortexM3\ARM_GCC_541\Debug\D5-RADAR_Detection.a(ADC_Ext_CP_Clk.o)
 .debug_loc     0x00001645      0x14d .\CortexM3\ARM_GCC_541\Debug\D5-RADAR_Detection.a(ADC_theACLK.o)
 .debug_loc     0x00001792      0x128 .\CortexM3\ARM_GCC_541\Debug\D5-RADAR_Detection.a(UART_LOG_IntClock.o)
 .debug_loc     0x000018ba      0xb8e .\CortexM3\ARM_GCC_541\Debug\D5-RADAR_Detection.a(CyDmac.o)
 .debug_loc     0x00002448      0xa11 .\CortexM3\ARM_GCC_541\Debug\D5-RADAR_Detection.a(CyLib.o)
 .debug_loc     0x00002e59      0x1e4 .\CortexM3\ARM_GCC_541\Debug\D5-RADAR_Detection.a(cyPm.o)
 .debug_loc     0x0000303d       0x42 .\CortexM3\ARM_GCC_541\Debug\D5-RADAR_Detection.a(User_LED.o)
 .debug_loc     0x0000307f      0x3b2 .\CortexM3\ARM_GCC_541\Debug\D5-RADAR_Detection.a(CyFlash.o)
 .debug_loc     0x00003431      0x705 .\CortexM3\ARM_GCC_541\Debug\D5-RADAR_Detection.a(CySpc.o)
 .debug_loc     0x00003b36       0xa6 .\sources\bsw\fft_application\libfft_application.a(fft_application.o)
 .debug_loc     0x00003bdc      0x71b .\sources\bsw\fft_application\libfft_application.a(arm_rfft_q31.o)
 .debug_loc     0x000042f7      0x244 .\sources\bsw\fft_application\libfft_application.a(arm_rfft_init_q31.o)
 .debug_loc     0x0000453b      0x4d4 .\sources\bsw\fft_application\libfft_application.a(arm_cfft_q31.o)
 .debug_loc     0x00004a0f     0x137a .\sources\bsw\fft_application\libfft_application.a(arm_cfft_radix4_q31.o)

.debug_macinfo
 *(.debug_macinfo)

.debug_ranges   0x00000000      0xbe0
 *(.debug_ranges)
 .debug_ranges  0x00000000       0x10 .\CortexM3\ARM_GCC_541\Debug\main.o
 .debug_ranges  0x00000010       0x20 .\CortexM3\ARM_GCC_541\Debug\state_machine.o
 .debug_ranges  0x00000030       0x18 .\CortexM3\ARM_GCC_541\Debug\cfar.o
 .debug_ranges  0x00000048       0x10 .\CortexM3\ARM_GCC_541\Debug\hardware_init.o
 .debug_ranges  0x00000058       0x10 .\CortexM3\ARM_GCC_541\Debug\interrupt_handlers.o
 .debug_ranges  0x00000068       0x58 .\CortexM3\ARM_GCC_541\Debug\cyfitter_cfg.o
 .debug_ranges  0x000000c0       0x38 .\CortexM3\ARM_GCC_541\Debug\Cm3Start.o
 .debug_ranges  0x000000f8       0x40 .\CortexM3\ARM_GCC_541\Debug\D5-RADAR_Detection.a(WaveDAC8.o)
 .debug_ranges  0x00000138       0xd8 .\CortexM3\ARM_GCC_541\Debug\D5-RADAR_Detection.a(ADC.o)
 .debug_ranges  0x00000210       0x28 .\CortexM3\ARM_GCC_541\Debug\D5-RADAR_Detection.a(ADC_INT.o)
 .debug_ranges  0x00000238       0xe0 .\CortexM3\ARM_GCC_541\Debug\D5-RADAR_Detection.a(UART_LOG.o)
 .debug_ranges  0x00000318       0x10 .\CortexM3\ARM_GCC_541\Debug\D5-RADAR_Detection.a(UART_LOG_INT.o)
 .debug_ranges  0x00000328       0x70 .\CortexM3\ARM_GCC_541\Debug\D5-RADAR_Detection.a(ISR_UART.o)
 .debug_ranges  0x00000398       0x28 .\CortexM3\ARM_GCC_541\Debug\D5-RADAR_Detection.a(Green_LED.o)
 .debug_ranges  0x000003c0       0x28 .\CortexM3\ARM_GCC_541\Debug\D5-RADAR_Detection.a(Yellow_LED.o)
 .debug_ranges  0x000003e8       0x28 .\CortexM3\ARM_GCC_541\Debug\D5-RADAR_Detection.a(Red_LED.o)
 .debug_ranges  0x00000410       0x38 .\CortexM3\ARM_GCC_541\Debug\D5-RADAR_Detection.a(Push_button.o)
 .debug_ranges  0x00000448       0x60 .\CortexM3\ARM_GCC_541\Debug\D5-RADAR_Detection.a(WaveDAC8_DacClk.o)
 .debug_ranges  0x000004a8       0x18 .\CortexM3\ARM_GCC_541\Debug\D5-RADAR_Detection.a(WaveDAC8_Wave1_DMA_dma.o)
 .debug_ranges  0x000004c0       0x18 .\CortexM3\ARM_GCC_541\Debug\D5-RADAR_Detection.a(WaveDAC8_Wave2_DMA_dma.o)
 .debug_ranges  0x000004d8       0x48 .\CortexM3\ARM_GCC_541\Debug\D5-RADAR_Detection.a(WaveDAC8_VDAC8.o)
 .debug_ranges  0x00000520       0x20 .\CortexM3\ARM_GCC_541\Debug\D5-RADAR_Detection.a(ADC_AMux.o)
 .debug_ranges  0x00000540       0x60 .\CortexM3\ARM_GCC_541\Debug\D5-RADAR_Detection.a(ADC_Ext_CP_Clk.o)
 .debug_ranges  0x000005a0       0x70 .\CortexM3\ARM_GCC_541\Debug\D5-RADAR_Detection.a(ADC_theACLK.o)